[3.409s] Invoking command in '/home/yangy/SpiderBot/ros2_workspace/build/hardware_interface_py': PYTHONPATH=/home/yangy/SpiderBot/ros2_workspace/build/hardware_interface_py/prefix_override:/usr/lib/python3/dist-packages/colcon_core/task/python/colcon_distutils_commands:/home/yangy/SpiderBot/ros2_workspace/install/hardware_interface_py/lib/python3.10/site-packages:${PYTHONPATH} /usr/bin/python3 -W ignore:setup.py install is deprecated -W ignore:easy_install command is deprecated setup.py develop --editable --build-directory /home/yangy/SpiderBot/ros2_workspace/build/hardware_interface_py/build --no-deps symlink_data
[4.748s] running develop
[5.671s] running egg_info
[5.673s] writing hardware_interface_py.egg-info/PKG-INFO
[5.673s] writing dependency_links to hardware_interface_py.egg-info/dependency_links.txt
[5.676s] writing entry points to hardware_interface_py.egg-info/entry_points.txt
[5.676s] writing requirements to hardware_interface_py.egg-info/requires.txt
[5.677s] writing top-level names to hardware_interface_py.egg-info/top_level.txt
[5.683s] reading manifest file 'hardware_interface_py.egg-info/SOURCES.txt'
[5.689s] writing manifest file 'hardware_interface_py.egg-info/SOURCES.txt'
[5.696s] running build_ext
[5.697s] Creating /home/yangy/SpiderBot/ros2_workspace/install/hardware_interface_py/lib/python3.10/site-packages/hardware-interface-py.egg-link (link to .)
[5.702s] Installing busservo script to /home/yangy/SpiderBot/ros2_workspace/install/hardware_interface_py/lib/hardware_interface_py
[5.703s] Installing buzzer script to /home/yangy/SpiderBot/ros2_workspace/install/hardware_interface_py/lib/hardware_interface_py
[5.704s] Installing camera script to /home/yangy/SpiderBot/ros2_workspace/install/hardware_interface_py/lib/hardware_interface_py
[5.705s] Installing i2c script to /home/yangy/SpiderBot/ros2_workspace/install/hardware_interface_py/lib/hardware_interface_py
[5.706s] 
[5.707s] Installed /home/yangy/SpiderBot/ros2_workspace/build/hardware_interface_py
[5.707s] running symlink_data
[5.847s] Invoked command in '/home/yangy/SpiderBot/ros2_workspace/build/hardware_interface_py' returned '0': PYTHONPATH=/home/yangy/SpiderBot/ros2_workspace/build/hardware_interface_py/prefix_override:/usr/lib/python3/dist-packages/colcon_core/task/python/colcon_distutils_commands:/home/yangy/SpiderBot/ros2_workspace/install/hardware_interface_py/lib/python3.10/site-packages:${PYTHONPATH} /usr/bin/python3 -W ignore:setup.py install is deprecated -W ignore:easy_install command is deprecated setup.py develop --editable --build-directory /home/yangy/SpiderBot/ros2_workspace/build/hardware_interface_py/build --no-deps symlink_data
