[4.011s] Invoking command in '/home/yangy/SpiderBot/ros2_workspace/build/hardware_interface_py': PYTHONPATH=/home/yangy/SpiderBot/ros2_workspace/build/hardware_interface_py/prefix_override:/usr/lib/python3/dist-packages/colcon_core/task/python/colcon_distutils_commands:/home/yangy/SpiderBot/ros2_workspace/install/hardware_interface_py/lib/python3.10/site-packages:${PYTHONPATH} /usr/bin/python3 -W ignore:setup.py install is deprecated -W ignore:easy_install command is deprecated setup.py develop --editable --build-directory /home/yangy/SpiderBot/ros2_workspace/build/hardware_interface_py/build --no-deps symlink_data
[5.765s] running develop
[6.596s] running egg_info
[6.597s] writing hardware_interface_py.egg-info/PKG-INFO
[6.599s] writing dependency_links to hardware_interface_py.egg-info/dependency_links.txt
[6.600s] writing entry points to hardware_interface_py.egg-info/entry_points.txt
[6.600s] writing requirements to hardware_interface_py.egg-info/requires.txt
[6.601s] writing top-level names to hardware_interface_py.egg-info/top_level.txt
[6.609s] reading manifest file 'hardware_interface_py.egg-info/SOURCES.txt'
[6.614s] writing manifest file 'hardware_interface_py.egg-info/SOURCES.txt'
[6.620s] running build_ext
[6.621s] Creating /home/yangy/SpiderBot/ros2_workspace/install/hardware_interface_py/lib/python3.10/site-packages/hardware-interface-py.egg-link (link to .)
[6.625s] Installing busservo script to /home/yangy/SpiderBot/ros2_workspace/install/hardware_interface_py/lib/hardware_interface_py
[6.626s] Installing buzzer script to /home/yangy/SpiderBot/ros2_workspace/install/hardware_interface_py/lib/hardware_interface_py
[6.627s] Installing camera script to /home/yangy/SpiderBot/ros2_workspace/install/hardware_interface_py/lib/hardware_interface_py
[6.629s] Installing i2c script to /home/yangy/SpiderBot/ros2_workspace/install/hardware_interface_py/lib/hardware_interface_py
[6.630s] 
[6.631s] Installed /home/yangy/SpiderBot/ros2_workspace/build/hardware_interface_py
[6.631s] running symlink_data
[6.633s] symbolically linking /home/yangy/SpiderBot/ros2_workspace/build/hardware_interface_py/launch/hardware_launch.yaml -> /home/yangy/SpiderBot/ros2_workspace/install/hardware_interface_py/share/hardware_interface_py/launch
[6.775s] Invoked command in '/home/yangy/SpiderBot/ros2_workspace/build/hardware_interface_py' returned '0': PYTHONPATH=/home/yangy/SpiderBot/ros2_workspace/build/hardware_interface_py/prefix_override:/usr/lib/python3/dist-packages/colcon_core/task/python/colcon_distutils_commands:/home/yangy/SpiderBot/ros2_workspace/install/hardware_interface_py/lib/python3.10/site-packages:${PYTHONPATH} /usr/bin/python3 -W ignore:setup.py install is deprecated -W ignore:easy_install command is deprecated setup.py develop --editable --build-directory /home/yangy/SpiderBot/ros2_workspace/build/hardware_interface_py/build --no-deps symlink_data
