[  3%] Built target hardware_interface__cpp
[ 12%] Built target hardware_interface__rosidl_generator_c
[ 12%] Built target ament_cmake_python_symlink_hardware_interface
[ 18%] Built target camera
[ 27%] Built target hardware_interface__rosidl_typesupport_cpp
[ 36%] Built target hardware_interface__rosidl_typesupport_fastrtps_cpp
[ 45%] Built target hardware_interface__rosidl_typesupport_introspection_c
[ 54%] Built target hardware_interface__rosidl_typesupport_c
[ 63%] Built target hardware_interface__rosidl_typesupport_introspection_cpp
[ 72%] Built target hardware_interface__rosidl_typesupport_fastrtps_c
[ 72%] Built target hardware_interface
[ 75%] Built target hardware_interface__py
[ 81%] Built target hardware_interface__rosidl_generator_py
[ 87%] Built target hardware_interface__rosidl_typesupport_fastrtps_c__pyext
[ 93%] Built target hardware_interface__rosidl_typesupport_introspection_c__pyext
[100%] Built target hardware_interface__rosidl_typesupport_c__pyext
running egg_info
writing hardware_interface.egg-info/PKG-INFO
writing dependency_links to hardware_interface.egg-info/dependency_links.txt
writing top-level names to hardware_interface.egg-info/top_level.txt
reading manifest file 'hardware_interface.egg-info/SOURCES.txt'
writing manifest file 'hardware_interface.egg-info/SOURCES.txt'
[100%] Built target ament_cmake_python_build_hardware_interface_egg
-- Install configuration: ""
-- Execute custom install script
-- Up-to-date symlink: /home/yangy/SpiderBot/ros2_workspace/install/hardware_interface/lib/hardware_interface/camera
-- Up-to-date symlink: /home/yangy/SpiderBot/ros2_workspace/install/hardware_interface/share/ament_index/resource_index/rosidl_interfaces/hardware_interface
-- Up-to-date symlink: /home/yangy/SpiderBot/ros2_workspace/install/hardware_interface/include/hardware_interface/hardware_interface/msg/buzzer_duty.h
-- Up-to-date symlink: /home/yangy/SpiderBot/ros2_workspace/install/hardware_interface/include/hardware_interface/hardware_interface/msg/detail/buzzer_duty__functions.h
-- Up-to-date symlink: /home/yangy/SpiderBot/ros2_workspace/install/hardware_interface/include/hardware_interface/hardware_interface/msg/detail/buzzer_duty__struct.h
-- Up-to-date symlink: /home/yangy/SpiderBot/ros2_workspace/install/hardware_interface/include/hardware_interface/hardware_interface/msg/detail/buzzer_duty__type_support.h
-- Up-to-date symlink: /home/yangy/SpiderBot/ros2_workspace/install/hardware_interface/include/hardware_interface/hardware_interface/msg/rosidl_generator_c__visibility_control.h
-- Up-to-date symlink: /home/yangy/SpiderBot/ros2_workspace/install/hardware_interface/share/hardware_interface/environment/library_path.sh
-- Up-to-date symlink: /home/yangy/SpiderBot/ros2_workspace/install/hardware_interface/share/hardware_interface/environment/library_path.dsv
-- Up-to-date symlink: /home/yangy/SpiderBot/ros2_workspace/install/hardware_interface/include/hardware_interface/hardware_interface/msg/detail/buzzer_duty__rosidl_typesupport_fastrtps_c.h
-- Up-to-date symlink: /home/yangy/SpiderBot/ros2_workspace/install/hardware_interface/include/hardware_interface/hardware_interface/msg/rosidl_typesupport_fastrtps_c__visibility_control.h
-- Up-to-date symlink: /home/yangy/SpiderBot/ros2_workspace/install/hardware_interface/include/hardware_interface/hardware_interface/msg/buzzer_duty.hpp
-- Up-to-date symlink: /home/yangy/SpiderBot/ros2_workspace/install/hardware_interface/include/hardware_interface/hardware_interface/msg/detail/buzzer_duty__builder.hpp
-- Up-to-date symlink: /home/yangy/SpiderBot/ros2_workspace/install/hardware_interface/include/hardware_interface/hardware_interface/msg/detail/buzzer_duty__struct.hpp
-- Up-to-date symlink: /home/yangy/SpiderBot/ros2_workspace/install/hardware_interface/include/hardware_interface/hardware_interface/msg/detail/buzzer_duty__traits.hpp
-- Up-to-date symlink: /home/yangy/SpiderBot/ros2_workspace/install/hardware_interface/include/hardware_interface/hardware_interface/msg/detail/buzzer_duty__type_support.hpp
-- Up-to-date symlink: /home/yangy/SpiderBot/ros2_workspace/install/hardware_interface/include/hardware_interface/hardware_interface/msg/rosidl_generator_cpp__visibility_control.hpp
-- Up-to-date symlink: /home/yangy/SpiderBot/ros2_workspace/install/hardware_interface/include/hardware_interface/hardware_interface/msg/detail/buzzer_duty__rosidl_typesupport_fastrtps_cpp.hpp
-- Up-to-date symlink: /home/yangy/SpiderBot/ros2_workspace/install/hardware_interface/include/hardware_interface/hardware_interface/msg/rosidl_typesupport_fastrtps_cpp__visibility_control.h
-- Up-to-date symlink: /home/yangy/SpiderBot/ros2_workspace/install/hardware_interface/include/hardware_interface/hardware_interface/msg/detail/buzzer_duty__rosidl_typesupport_introspection_c.h
-- Up-to-date symlink: /home/yangy/SpiderBot/ros2_workspace/install/hardware_interface/include/hardware_interface/hardware_interface/msg/rosidl_typesupport_introspection_c__visibility_control.h
-- Up-to-date symlink: /home/yangy/SpiderBot/ros2_workspace/install/hardware_interface/include/hardware_interface/hardware_interface/msg/detail/buzzer_duty__rosidl_typesupport_introspection_cpp.hpp
-- Up-to-date symlink: /home/yangy/SpiderBot/ros2_workspace/install/hardware_interface/share/hardware_interface/environment/pythonpath.sh
-- Up-to-date symlink: /home/yangy/SpiderBot/ros2_workspace/install/hardware_interface/share/hardware_interface/environment/pythonpath.dsv
-- Up-to-date symlink: /home/yangy/SpiderBot/ros2_workspace/install/hardware_interface/local/lib/python3.10/dist-packages/hardware_interface-0.0.0-py3.10.egg-info/PKG-INFO
-- Up-to-date symlink: /home/yangy/SpiderBot/ros2_workspace/install/hardware_interface/local/lib/python3.10/dist-packages/hardware_interface-0.0.0-py3.10.egg-info/SOURCES.txt
-- Up-to-date symlink: /home/yangy/SpiderBot/ros2_workspace/install/hardware_interface/local/lib/python3.10/dist-packages/hardware_interface-0.0.0-py3.10.egg-info/dependency_links.txt
-- Up-to-date symlink: /home/yangy/SpiderBot/ros2_workspace/install/hardware_interface/local/lib/python3.10/dist-packages/hardware_interface-0.0.0-py3.10.egg-info/top_level.txt
-- Up-to-date symlink: /home/yangy/SpiderBot/ros2_workspace/install/hardware_interface/local/lib/python3.10/dist-packages/hardware_interface/__init__.py
-- Up-to-date symlink: /home/yangy/SpiderBot/ros2_workspace/install/hardware_interface/local/lib/python3.10/dist-packages/hardware_interface/_hardware_interface_s.ep.rosidl_typesupport_c.c
-- Up-to-date symlink: /home/yangy/SpiderBot/ros2_workspace/install/hardware_interface/local/lib/python3.10/dist-packages/hardware_interface/_hardware_interface_s.ep.rosidl_typesupport_fastrtps_c.c
-- Up-to-date symlink: /home/yangy/SpiderBot/ros2_workspace/install/hardware_interface/local/lib/python3.10/dist-packages/hardware_interface/_hardware_interface_s.ep.rosidl_typesupport_introspection_c.c
-- Up-to-date symlink: /home/yangy/SpiderBot/ros2_workspace/install/hardware_interface/local/lib/python3.10/dist-packages/hardware_interface/hardware_interface_s__rosidl_typesupport_c.cpython-310-aarch64-linux-gnu.so
-- Up-to-date symlink: /home/yangy/SpiderBot/ros2_workspace/install/hardware_interface/local/lib/python3.10/dist-packages/hardware_interface/hardware_interface_s__rosidl_typesupport_fastrtps_c.cpython-310-aarch64-linux-gnu.so
-- Up-to-date symlink: /home/yangy/SpiderBot/ros2_workspace/install/hardware_interface/local/lib/python3.10/dist-packages/hardware_interface/hardware_interface_s__rosidl_typesupport_introspection_c.cpython-310-aarch64-linux-gnu.so
-- Up-to-date symlink: /home/yangy/SpiderBot/ros2_workspace/install/hardware_interface/local/lib/python3.10/dist-packages/hardware_interface/libhardware_interface__rosidl_generator_py.so
-- Up-to-date symlink: /home/yangy/SpiderBot/ros2_workspace/install/hardware_interface/local/lib/python3.10/dist-packages/hardware_interface/msg/__init__.py
-- Up-to-date symlink: /home/yangy/SpiderBot/ros2_workspace/install/hardware_interface/local/lib/python3.10/dist-packages/hardware_interface/msg/_buzzer_duty.py
-- Up-to-date symlink: /home/yangy/SpiderBot/ros2_workspace/install/hardware_interface/local/lib/python3.10/dist-packages/hardware_interface/msg/_buzzer_duty_s.c
-- Up-to-date symlink: /home/yangy/SpiderBot/ros2_workspace/install/hardware_interface/local/lib/python3.10/dist-packages/hardware_interface/hardware_interface_s__rosidl_typesupport_fastrtps_c.cpython-310-aarch64-linux-gnu.so
-- Up-to-date symlink: /home/yangy/SpiderBot/ros2_workspace/install/hardware_interface/local/lib/python3.10/dist-packages/hardware_interface/hardware_interface_s__rosidl_typesupport_introspection_c.cpython-310-aarch64-linux-gnu.so
-- Up-to-date symlink: /home/yangy/SpiderBot/ros2_workspace/install/hardware_interface/local/lib/python3.10/dist-packages/hardware_interface/hardware_interface_s__rosidl_typesupport_c.cpython-310-aarch64-linux-gnu.so
-- Up-to-date symlink: /home/yangy/SpiderBot/ros2_workspace/install/hardware_interface/share/hardware_interface/msg/BuzzerDuty.idl
-- Up-to-date symlink: /home/yangy/SpiderBot/ros2_workspace/install/hardware_interface/share/hardware_interface/msg/BuzzerDuty.msg
-- Up-to-date symlink: /home/yangy/SpiderBot/ros2_workspace/install/hardware_interface/share/ament_index/resource_index/package_run_dependencies/hardware_interface
-- Up-to-date symlink: /home/yangy/SpiderBot/ros2_workspace/install/hardware_interface/share/ament_index/resource_index/parent_prefix_path/hardware_interface
-- Up-to-date symlink: /home/yangy/SpiderBot/ros2_workspace/install/hardware_interface/share/hardware_interface/environment/ament_prefix_path.sh
-- Up-to-date symlink: /home/yangy/SpiderBot/ros2_workspace/install/hardware_interface/share/hardware_interface/environment/ament_prefix_path.dsv
-- Up-to-date symlink: /home/yangy/SpiderBot/ros2_workspace/install/hardware_interface/share/hardware_interface/environment/path.sh
-- Up-to-date symlink: /home/yangy/SpiderBot/ros2_workspace/install/hardware_interface/share/hardware_interface/environment/path.dsv
-- Up-to-date symlink: /home/yangy/SpiderBot/ros2_workspace/install/hardware_interface/share/hardware_interface/local_setup.bash
-- Up-to-date symlink: /home/yangy/SpiderBot/ros2_workspace/install/hardware_interface/share/hardware_interface/local_setup.sh
-- Up-to-date symlink: /home/yangy/SpiderBot/ros2_workspace/install/hardware_interface/share/hardware_interface/local_setup.zsh
-- Up-to-date symlink: /home/yangy/SpiderBot/ros2_workspace/install/hardware_interface/share/hardware_interface/local_setup.dsv
-- Symlinking: /home/yangy/SpiderBot/ros2_workspace/install/hardware_interface/share/hardware_interface/package.dsv
-- Up-to-date symlink: /home/yangy/SpiderBot/ros2_workspace/install/hardware_interface/share/ament_index/resource_index/packages/hardware_interface
-- Up-to-date symlink: /home/yangy/SpiderBot/ros2_workspace/install/hardware_interface/share/hardware_interface/cmake/rosidl_cmake-extras.cmake
-- Up-to-date symlink: /home/yangy/SpiderBot/ros2_workspace/install/hardware_interface/share/hardware_interface/cmake/ament_cmake_export_include_directories-extras.cmake
-- Up-to-date symlink: /home/yangy/SpiderBot/ros2_workspace/install/hardware_interface/share/hardware_interface/cmake/ament_cmake_export_libraries-extras.cmake
-- Up-to-date symlink: /home/yangy/SpiderBot/ros2_workspace/install/hardware_interface/share/hardware_interface/cmake/ament_cmake_export_targets-extras.cmake
-- Up-to-date symlink: /home/yangy/SpiderBot/ros2_workspace/install/hardware_interface/share/hardware_interface/cmake/rosidl_cmake_export_typesupport_targets-extras.cmake
-- Up-to-date symlink: /home/yangy/SpiderBot/ros2_workspace/install/hardware_interface/share/hardware_interface/cmake/ament_cmake_export_dependencies-extras.cmake
-- Up-to-date symlink: /home/yangy/SpiderBot/ros2_workspace/install/hardware_interface/share/hardware_interface/cmake/rosidl_cmake_export_typesupport_libraries-extras.cmake
-- Up-to-date symlink: /home/yangy/SpiderBot/ros2_workspace/install/hardware_interface/share/hardware_interface/cmake/hardware_interfaceConfig.cmake
-- Up-to-date symlink: /home/yangy/SpiderBot/ros2_workspace/install/hardware_interface/share/hardware_interface/cmake/hardware_interfaceConfig-version.cmake
-- Up-to-date symlink: /home/yangy/SpiderBot/ros2_workspace/install/hardware_interface/share/hardware_interface/package.xml
-- Up-to-date: /home/yangy/SpiderBot/ros2_workspace/install/hardware_interface/lib/libhardware_interface__rosidl_generator_c.so
-- Up-to-date: /home/yangy/SpiderBot/ros2_workspace/install/hardware_interface/lib/libhardware_interface__rosidl_typesupport_fastrtps_c.so
-- Up-to-date: /home/yangy/SpiderBot/ros2_workspace/install/hardware_interface/lib/libhardware_interface__rosidl_typesupport_fastrtps_cpp.so
-- Up-to-date: /home/yangy/SpiderBot/ros2_workspace/install/hardware_interface/lib/libhardware_interface__rosidl_typesupport_introspection_c.so
-- Up-to-date: /home/yangy/SpiderBot/ros2_workspace/install/hardware_interface/lib/libhardware_interface__rosidl_typesupport_c.so
-- Up-to-date: /home/yangy/SpiderBot/ros2_workspace/install/hardware_interface/lib/libhardware_interface__rosidl_typesupport_introspection_cpp.so
-- Up-to-date: /home/yangy/SpiderBot/ros2_workspace/install/hardware_interface/lib/libhardware_interface__rosidl_typesupport_cpp.so
Listing '/home/yangy/SpiderBot/ros2_workspace/install/hardware_interface/local/lib/python3.10/dist-packages/hardware_interface'...
Listing '/home/yangy/SpiderBot/ros2_workspace/install/hardware_interface/local/lib/python3.10/dist-packages/hardware_interface/msg'...
-- Up-to-date: /home/yangy/SpiderBot/ros2_workspace/install/hardware_interface/lib/libhardware_interface__rosidl_generator_py.so
-- Up-to-date: /home/yangy/SpiderBot/ros2_workspace/install/hardware_interface/share/hardware_interface/cmake/export_hardware_interface__rosidl_generator_cExport.cmake
-- Up-to-date: /home/yangy/SpiderBot/ros2_workspace/install/hardware_interface/share/hardware_interface/cmake/export_hardware_interface__rosidl_generator_cExport-noconfig.cmake
-- Up-to-date: /home/yangy/SpiderBot/ros2_workspace/install/hardware_interface/share/hardware_interface/cmake/export_hardware_interface__rosidl_typesupport_fastrtps_cExport.cmake
-- Up-to-date: /home/yangy/SpiderBot/ros2_workspace/install/hardware_interface/share/hardware_interface/cmake/export_hardware_interface__rosidl_typesupport_fastrtps_cExport-noconfig.cmake
-- Up-to-date: /home/yangy/SpiderBot/ros2_workspace/install/hardware_interface/share/hardware_interface/cmake/export_hardware_interface__rosidl_generator_cppExport.cmake
-- Up-to-date: /home/yangy/SpiderBot/ros2_workspace/install/hardware_interface/share/hardware_interface/cmake/export_hardware_interface__rosidl_typesupport_fastrtps_cppExport.cmake
-- Up-to-date: /home/yangy/SpiderBot/ros2_workspace/install/hardware_interface/share/hardware_interface/cmake/export_hardware_interface__rosidl_typesupport_fastrtps_cppExport-noconfig.cmake
-- Up-to-date: /home/yangy/SpiderBot/ros2_workspace/install/hardware_interface/share/hardware_interface/cmake/hardware_interface__rosidl_typesupport_introspection_cExport.cmake
-- Up-to-date: /home/yangy/SpiderBot/ros2_workspace/install/hardware_interface/share/hardware_interface/cmake/hardware_interface__rosidl_typesupport_introspection_cExport-noconfig.cmake
-- Up-to-date: /home/yangy/SpiderBot/ros2_workspace/install/hardware_interface/share/hardware_interface/cmake/hardware_interface__rosidl_typesupport_cExport.cmake
-- Up-to-date: /home/yangy/SpiderBot/ros2_workspace/install/hardware_interface/share/hardware_interface/cmake/hardware_interface__rosidl_typesupport_cExport-noconfig.cmake
-- Up-to-date: /home/yangy/SpiderBot/ros2_workspace/install/hardware_interface/share/hardware_interface/cmake/hardware_interface__rosidl_typesupport_introspection_cppExport.cmake
-- Up-to-date: /home/yangy/SpiderBot/ros2_workspace/install/hardware_interface/share/hardware_interface/cmake/hardware_interface__rosidl_typesupport_introspection_cppExport-noconfig.cmake
-- Up-to-date: /home/yangy/SpiderBot/ros2_workspace/install/hardware_interface/share/hardware_interface/cmake/hardware_interface__rosidl_typesupport_cppExport.cmake
-- Up-to-date: /home/yangy/SpiderBot/ros2_workspace/install/hardware_interface/share/hardware_interface/cmake/hardware_interface__rosidl_typesupport_cppExport-noconfig.cmake
-- Up-to-date: /home/yangy/SpiderBot/ros2_workspace/install/hardware_interface/share/hardware_interface/cmake/export_hardware_interface__rosidl_generator_pyExport.cmake
-- Up-to-date: /home/yangy/SpiderBot/ros2_workspace/install/hardware_interface/share/hardware_interface/cmake/export_hardware_interface__rosidl_generator_pyExport-noconfig.cmake
