[0.564s] DEBUG:colcon:Command line arguments: ['/usr/bin/colcon', 'build', '--symlink-install']
[0.565s] DEBUG:colcon:Parsed command line arguments: Namespace(log_base=None, log_level=None, verb_name='build', build_base='build', install_base='install', merge_install=False, symlink_install=True, test_result_base=None, continue_on_error=False, executor='parallel', parallel_workers=4, event_handlers=None, ignore_user_meta=False, metas=['./colcon.meta'], base_paths=['.'], packages_ignore=None, packages_ignore_regex=None, paths=None, packages_up_to=None, packages_up_to_regex=None, packages_above=None, packages_above_and_dependencies=None, packages_above_depth=None, packages_select_by_dep=None, packages_skip_by_dep=None, packages_skip_up_to=None, packages_select_build_failed=False, packages_skip_build_finished=False, packages_select_test_failures=False, packages_skip_test_passed=False, packages_select=None, packages_skip=None, packages_select_regex=None, packages_skip_regex=None, packages_start=None, packages_end=None, allow_overriding=[], cmake_args=None, cmake_target=None, cmake_target_skip_unavailable=False, cmake_clean_cache=False, cmake_clean_first=False, cmake_force_configure=False, ament_cmake_args=None, catkin_cmake_args=None, catkin_skip_building_tests=False, verb_parser=<colcon_defaults.argument_parser.defaults.DefaultArgumentsDecorator object at 0xffff98014f40>, verb_extension=<colcon_core.verb.build.BuildVerb object at 0xffff981b23b0>, main=<bound method BuildVerb.main of <colcon_core.verb.build.BuildVerb object at 0xffff981b23b0>>)
[1.948s] Level 1:colcon.colcon_core.package_discovery:discover_packages(colcon_meta) check parameters
[1.948s] Level 1:colcon.colcon_core.package_discovery:discover_packages(recursive) check parameters
[1.949s] Level 1:colcon.colcon_core.package_discovery:discover_packages(ignore) check parameters
[1.949s] Level 1:colcon.colcon_core.package_discovery:discover_packages(path) check parameters
[1.949s] Level 1:colcon.colcon_core.package_discovery:discover_packages(colcon_meta) discover
[1.949s] Level 1:colcon.colcon_core.package_discovery:discover_packages(recursive) discover
[1.950s] INFO:colcon.colcon_core.package_discovery:Crawling recursively for packages in '/home/yangy/SpiderBot/ros2_workspace'
[1.950s] Level 1:colcon.colcon_core.package_identification:_identify(.) by extensions ['ignore', 'ignore_ament_install']
[1.951s] Level 1:colcon.colcon_core.package_identification:_identify(.) by extension 'ignore'
[1.951s] Level 1:colcon.colcon_core.package_identification:_identify(.) by extension 'ignore_ament_install'
[1.952s] Level 1:colcon.colcon_core.package_identification:_identify(.) by extensions ['colcon_pkg']
[1.952s] Level 1:colcon.colcon_core.package_identification:_identify(.) by extension 'colcon_pkg'
[1.952s] Level 1:colcon.colcon_core.package_identification:_identify(.) by extensions ['colcon_meta']
[1.952s] Level 1:colcon.colcon_core.package_identification:_identify(.) by extension 'colcon_meta'
[1.953s] Level 1:colcon.colcon_core.package_identification:_identify(.) by extensions ['ros']
[1.953s] Level 1:colcon.colcon_core.package_identification:_identify(.) by extension 'ros'
[2.040s] Level 1:colcon.colcon_core.package_identification:_identify(.) by extensions ['cmake', 'python']
[2.040s] Level 1:colcon.colcon_core.package_identification:_identify(.) by extension 'cmake'
[2.040s] Level 1:colcon.colcon_core.package_identification:_identify(.) by extension 'python'
[2.040s] Level 1:colcon.colcon_core.package_identification:_identify(.) by extensions ['python_setup_py']
[2.041s] Level 1:colcon.colcon_core.package_identification:_identify(.) by extension 'python_setup_py'
[2.041s] Level 1:colcon.colcon_core.package_identification:_identify(build) by extensions ['ignore', 'ignore_ament_install']
[2.042s] Level 1:colcon.colcon_core.package_identification:_identify(build) by extension 'ignore'
[2.042s] Level 1:colcon.colcon_core.package_identification:_identify(build) ignored
[2.043s] Level 1:colcon.colcon_core.package_identification:_identify(install) by extensions ['ignore', 'ignore_ament_install']
[2.043s] Level 1:colcon.colcon_core.package_identification:_identify(install) by extension 'ignore'
[2.043s] Level 1:colcon.colcon_core.package_identification:_identify(install) ignored
[2.044s] Level 1:colcon.colcon_core.package_identification:_identify(log) by extensions ['ignore', 'ignore_ament_install']
[2.044s] Level 1:colcon.colcon_core.package_identification:_identify(log) by extension 'ignore'
[2.045s] Level 1:colcon.colcon_core.package_identification:_identify(log) ignored
[2.045s] Level 1:colcon.colcon_core.package_identification:_identify(src) by extensions ['ignore', 'ignore_ament_install']
[2.045s] Level 1:colcon.colcon_core.package_identification:_identify(src) by extension 'ignore'
[2.046s] Level 1:colcon.colcon_core.package_identification:_identify(src) by extension 'ignore_ament_install'
[2.046s] Level 1:colcon.colcon_core.package_identification:_identify(src) by extensions ['colcon_pkg']
[2.046s] Level 1:colcon.colcon_core.package_identification:_identify(src) by extension 'colcon_pkg'
[2.046s] Level 1:colcon.colcon_core.package_identification:_identify(src) by extensions ['colcon_meta']
[2.046s] Level 1:colcon.colcon_core.package_identification:_identify(src) by extension 'colcon_meta'
[2.046s] Level 1:colcon.colcon_core.package_identification:_identify(src) by extensions ['ros']
[2.047s] Level 1:colcon.colcon_core.package_identification:_identify(src) by extension 'ros'
[2.047s] Level 1:colcon.colcon_core.package_identification:_identify(src) by extensions ['cmake', 'python']
[2.047s] Level 1:colcon.colcon_core.package_identification:_identify(src) by extension 'cmake'
[2.047s] Level 1:colcon.colcon_core.package_identification:_identify(src) by extension 'python'
[2.048s] Level 1:colcon.colcon_core.package_identification:_identify(src) by extensions ['python_setup_py']
[2.048s] Level 1:colcon.colcon_core.package_identification:_identify(src) by extension 'python_setup_py'
[2.048s] Level 1:colcon.colcon_core.package_identification:_identify(src/hardware_interface) by extensions ['ignore', 'ignore_ament_install']
[2.049s] Level 1:colcon.colcon_core.package_identification:_identify(src/hardware_interface) by extension 'ignore'
[2.049s] Level 1:colcon.colcon_core.package_identification:_identify(src/hardware_interface) by extension 'ignore_ament_install'
[2.049s] Level 1:colcon.colcon_core.package_identification:_identify(src/hardware_interface) by extensions ['colcon_pkg']
[2.049s] Level 1:colcon.colcon_core.package_identification:_identify(src/hardware_interface) by extension 'colcon_pkg'
[2.049s] Level 1:colcon.colcon_core.package_identification:_identify(src/hardware_interface) by extensions ['colcon_meta']
[2.050s] Level 1:colcon.colcon_core.package_identification:_identify(src/hardware_interface) by extension 'colcon_meta'
[2.050s] Level 1:colcon.colcon_core.package_identification:_identify(src/hardware_interface) by extensions ['ros']
[2.050s] Level 1:colcon.colcon_core.package_identification:_identify(src/hardware_interface) by extension 'ros'
[2.072s] DEBUG:colcon.colcon_core.package_identification:Package 'src/hardware_interface' with type 'ros.ament_cmake' and name 'hardware_interface'
[2.073s] Level 1:colcon.colcon_core.package_identification:_identify(src/hardware_interface_py) by extensions ['ignore', 'ignore_ament_install']
[2.074s] Level 1:colcon.colcon_core.package_identification:_identify(src/hardware_interface_py) by extension 'ignore'
[2.074s] Level 1:colcon.colcon_core.package_identification:_identify(src/hardware_interface_py) by extension 'ignore_ament_install'
[2.074s] Level 1:colcon.colcon_core.package_identification:_identify(src/hardware_interface_py) by extensions ['colcon_pkg']
[2.075s] Level 1:colcon.colcon_core.package_identification:_identify(src/hardware_interface_py) by extension 'colcon_pkg'
[2.075s] Level 1:colcon.colcon_core.package_identification:_identify(src/hardware_interface_py) by extensions ['colcon_meta']
[2.075s] Level 1:colcon.colcon_core.package_identification:_identify(src/hardware_interface_py) by extension 'colcon_meta'
[2.075s] Level 1:colcon.colcon_core.package_identification:_identify(src/hardware_interface_py) by extensions ['ros']
[2.075s] Level 1:colcon.colcon_core.package_identification:_identify(src/hardware_interface_py) by extension 'ros'
[2.081s] DEBUG:colcon.colcon_core.package_identification:Package 'src/hardware_interface_py' with type 'ros.ament_python' and name 'hardware_interface_py'
[2.082s] Level 1:colcon.colcon_core.package_identification:_identify(src/sensor_debug) by extensions ['ignore', 'ignore_ament_install']
[2.083s] Level 1:colcon.colcon_core.package_identification:_identify(src/sensor_debug) by extension 'ignore'
[2.083s] Level 1:colcon.colcon_core.package_identification:_identify(src/sensor_debug) by extension 'ignore_ament_install'
[2.083s] Level 1:colcon.colcon_core.package_identification:_identify(src/sensor_debug) by extensions ['colcon_pkg']
[2.084s] Level 1:colcon.colcon_core.package_identification:_identify(src/sensor_debug) by extension 'colcon_pkg'
[2.084s] Level 1:colcon.colcon_core.package_identification:_identify(src/sensor_debug) by extensions ['colcon_meta']
[2.084s] Level 1:colcon.colcon_core.package_identification:_identify(src/sensor_debug) by extension 'colcon_meta'
[2.084s] Level 1:colcon.colcon_core.package_identification:_identify(src/sensor_debug) by extensions ['ros']
[2.084s] Level 1:colcon.colcon_core.package_identification:_identify(src/sensor_debug) by extension 'ros'
[2.088s] DEBUG:colcon.colcon_core.package_identification:Package 'src/sensor_debug' with type 'ros.ament_python' and name 'sensor_debug'
[2.089s] Level 1:colcon.colcon_core.package_identification:_identify(src/visiontools_py) by extensions ['ignore', 'ignore_ament_install']
[2.090s] Level 1:colcon.colcon_core.package_identification:_identify(src/visiontools_py) by extension 'ignore'
[2.090s] Level 1:colcon.colcon_core.package_identification:_identify(src/visiontools_py) by extension 'ignore_ament_install'
[2.090s] Level 1:colcon.colcon_core.package_identification:_identify(src/visiontools_py) by extensions ['colcon_pkg']
[2.090s] Level 1:colcon.colcon_core.package_identification:_identify(src/visiontools_py) by extension 'colcon_pkg'
[2.091s] Level 1:colcon.colcon_core.package_identification:_identify(src/visiontools_py) by extensions ['colcon_meta']
[2.091s] Level 1:colcon.colcon_core.package_identification:_identify(src/visiontools_py) by extension 'colcon_meta'
[2.091s] Level 1:colcon.colcon_core.package_identification:_identify(src/visiontools_py) by extensions ['ros']
[2.091s] Level 1:colcon.colcon_core.package_identification:_identify(src/visiontools_py) by extension 'ros'
[2.101s] DEBUG:colcon.colcon_core.package_identification:Package 'src/visiontools_py' with type 'ros.ament_python' and name 'visiontools_py'
[2.101s] Level 1:colcon.colcon_core.package_discovery:discover_packages(recursive) using defaults
[2.101s] Level 1:colcon.colcon_core.package_discovery:discover_packages(ignore) discover
[2.101s] Level 1:colcon.colcon_core.package_discovery:discover_packages(ignore) using defaults
[2.101s] Level 1:colcon.colcon_core.package_discovery:discover_packages(path) discover
[2.102s] Level 1:colcon.colcon_core.package_discovery:discover_packages(path) using defaults
[2.290s] Level 1:colcon.colcon_core.package_discovery:discover_packages(prefix_path) check parameters
[2.291s] Level 1:colcon.colcon_core.package_discovery:discover_packages(prefix_path) discover
[2.306s] DEBUG:colcon.colcon_installed_package_information.package_discovery:Found 4 installed packages in /home/yangy/SpiderBot/ros2_workspace/install
[2.317s] DEBUG:colcon.colcon_installed_package_information.package_discovery:Found 284 installed packages in /opt/ros/humble
[2.323s] Level 1:colcon.colcon_core.package_discovery:discover_packages(prefix_path) using defaults
[2.523s] Level 5:colcon.colcon_core.verb:set package 'hardware_interface' build argument 'cmake_args' from command line to 'None'
[2.523s] Level 5:colcon.colcon_core.verb:set package 'hardware_interface' build argument 'cmake_target' from command line to 'None'
[2.523s] Level 5:colcon.colcon_core.verb:set package 'hardware_interface' build argument 'cmake_target_skip_unavailable' from command line to 'False'
[2.523s] Level 5:colcon.colcon_core.verb:set package 'hardware_interface' build argument 'cmake_clean_cache' from command line to 'False'
[2.524s] Level 5:colcon.colcon_core.verb:set package 'hardware_interface' build argument 'cmake_clean_first' from command line to 'False'
[2.524s] Level 5:colcon.colcon_core.verb:set package 'hardware_interface' build argument 'cmake_force_configure' from command line to 'False'
[2.524s] Level 5:colcon.colcon_core.verb:set package 'hardware_interface' build argument 'ament_cmake_args' from command line to 'None'
[2.524s] Level 5:colcon.colcon_core.verb:set package 'hardware_interface' build argument 'catkin_cmake_args' from command line to 'None'
[2.524s] Level 5:colcon.colcon_core.verb:set package 'hardware_interface' build argument 'catkin_skip_building_tests' from command line to 'False'
[2.524s] DEBUG:colcon.colcon_core.verb:Building package 'hardware_interface' with the following arguments: {'ament_cmake_args': None, 'build_base': '/home/yangy/SpiderBot/ros2_workspace/build/hardware_interface', 'catkin_cmake_args': None, 'catkin_skip_building_tests': False, 'cmake_args': None, 'cmake_clean_cache': False, 'cmake_clean_first': False, 'cmake_force_configure': False, 'cmake_target': None, 'cmake_target_skip_unavailable': False, 'install_base': '/home/yangy/SpiderBot/ros2_workspace/install/hardware_interface', 'merge_install': False, 'path': '/home/yangy/SpiderBot/ros2_workspace/src/hardware_interface', 'symlink_install': True, 'test_result_base': None}
[2.526s] Level 5:colcon.colcon_core.verb:set package 'sensor_debug' build argument 'cmake_args' from command line to 'None'
[2.526s] Level 5:colcon.colcon_core.verb:set package 'sensor_debug' build argument 'cmake_target' from command line to 'None'
[2.526s] Level 5:colcon.colcon_core.verb:set package 'sensor_debug' build argument 'cmake_target_skip_unavailable' from command line to 'False'
[2.527s] Level 5:colcon.colcon_core.verb:set package 'sensor_debug' build argument 'cmake_clean_cache' from command line to 'False'
[2.527s] Level 5:colcon.colcon_core.verb:set package 'sensor_debug' build argument 'cmake_clean_first' from command line to 'False'
[2.527s] Level 5:colcon.colcon_core.verb:set package 'sensor_debug' build argument 'cmake_force_configure' from command line to 'False'
[2.527s] Level 5:colcon.colcon_core.verb:set package 'sensor_debug' build argument 'ament_cmake_args' from command line to 'None'
[2.527s] Level 5:colcon.colcon_core.verb:set package 'sensor_debug' build argument 'catkin_cmake_args' from command line to 'None'
[2.527s] Level 5:colcon.colcon_core.verb:set package 'sensor_debug' build argument 'catkin_skip_building_tests' from command line to 'False'
[2.527s] DEBUG:colcon.colcon_core.verb:Building package 'sensor_debug' with the following arguments: {'ament_cmake_args': None, 'build_base': '/home/yangy/SpiderBot/ros2_workspace/build/sensor_debug', 'catkin_cmake_args': None, 'catkin_skip_building_tests': False, 'cmake_args': None, 'cmake_clean_cache': False, 'cmake_clean_first': False, 'cmake_force_configure': False, 'cmake_target': None, 'cmake_target_skip_unavailable': False, 'install_base': '/home/yangy/SpiderBot/ros2_workspace/install/sensor_debug', 'merge_install': False, 'path': '/home/yangy/SpiderBot/ros2_workspace/src/sensor_debug', 'symlink_install': True, 'test_result_base': None}
[2.529s] Level 5:colcon.colcon_core.verb:set package 'visiontools_py' build argument 'cmake_args' from command line to 'None'
[2.529s] Level 5:colcon.colcon_core.verb:set package 'visiontools_py' build argument 'cmake_target' from command line to 'None'
[2.530s] Level 5:colcon.colcon_core.verb:set package 'visiontools_py' build argument 'cmake_target_skip_unavailable' from command line to 'False'
[2.530s] Level 5:colcon.colcon_core.verb:set package 'visiontools_py' build argument 'cmake_clean_cache' from command line to 'False'
[2.530s] Level 5:colcon.colcon_core.verb:set package 'visiontools_py' build argument 'cmake_clean_first' from command line to 'False'
[2.530s] Level 5:colcon.colcon_core.verb:set package 'visiontools_py' build argument 'cmake_force_configure' from command line to 'False'
[2.530s] Level 5:colcon.colcon_core.verb:set package 'visiontools_py' build argument 'ament_cmake_args' from command line to 'None'
[2.530s] Level 5:colcon.colcon_core.verb:set package 'visiontools_py' build argument 'catkin_cmake_args' from command line to 'None'
[2.530s] Level 5:colcon.colcon_core.verb:set package 'visiontools_py' build argument 'catkin_skip_building_tests' from command line to 'False'
[2.530s] DEBUG:colcon.colcon_core.verb:Building package 'visiontools_py' with the following arguments: {'ament_cmake_args': None, 'build_base': '/home/yangy/SpiderBot/ros2_workspace/build/visiontools_py', 'catkin_cmake_args': None, 'catkin_skip_building_tests': False, 'cmake_args': None, 'cmake_clean_cache': False, 'cmake_clean_first': False, 'cmake_force_configure': False, 'cmake_target': None, 'cmake_target_skip_unavailable': False, 'install_base': '/home/yangy/SpiderBot/ros2_workspace/install/visiontools_py', 'merge_install': False, 'path': '/home/yangy/SpiderBot/ros2_workspace/src/visiontools_py', 'symlink_install': True, 'test_result_base': None}
[2.532s] Level 5:colcon.colcon_core.verb:set package 'hardware_interface_py' build argument 'cmake_args' from command line to 'None'
[2.532s] Level 5:colcon.colcon_core.verb:set package 'hardware_interface_py' build argument 'cmake_target' from command line to 'None'
[2.532s] Level 5:colcon.colcon_core.verb:set package 'hardware_interface_py' build argument 'cmake_target_skip_unavailable' from command line to 'False'
[2.533s] Level 5:colcon.colcon_core.verb:set package 'hardware_interface_py' build argument 'cmake_clean_cache' from command line to 'False'
[2.533s] Level 5:colcon.colcon_core.verb:set package 'hardware_interface_py' build argument 'cmake_clean_first' from command line to 'False'
[2.533s] Level 5:colcon.colcon_core.verb:set package 'hardware_interface_py' build argument 'cmake_force_configure' from command line to 'False'
[2.533s] Level 5:colcon.colcon_core.verb:set package 'hardware_interface_py' build argument 'ament_cmake_args' from command line to 'None'
[2.533s] Level 5:colcon.colcon_core.verb:set package 'hardware_interface_py' build argument 'catkin_cmake_args' from command line to 'None'
[2.533s] Level 5:colcon.colcon_core.verb:set package 'hardware_interface_py' build argument 'catkin_skip_building_tests' from command line to 'False'
[2.533s] DEBUG:colcon.colcon_core.verb:Building package 'hardware_interface_py' with the following arguments: {'ament_cmake_args': None, 'build_base': '/home/yangy/SpiderBot/ros2_workspace/build/hardware_interface_py', 'catkin_cmake_args': None, 'catkin_skip_building_tests': False, 'cmake_args': None, 'cmake_clean_cache': False, 'cmake_clean_first': False, 'cmake_force_configure': False, 'cmake_target': None, 'cmake_target_skip_unavailable': False, 'install_base': '/home/yangy/SpiderBot/ros2_workspace/install/hardware_interface_py', 'merge_install': False, 'path': '/home/yangy/SpiderBot/ros2_workspace/src/hardware_interface_py', 'symlink_install': True, 'test_result_base': None}
[2.534s] INFO:colcon.colcon_core.executor:Executing jobs using 'parallel' executor
[2.537s] DEBUG:colcon.colcon_parallel_executor.executor.parallel:run_until_complete
[2.538s] INFO:colcon.colcon_ros.task.ament_cmake.build:Building ROS package in '/home/yangy/SpiderBot/ros2_workspace/src/hardware_interface' with build type 'ament_cmake'
[2.539s] INFO:colcon.colcon_cmake.task.cmake.build:Building CMake package in '/home/yangy/SpiderBot/ros2_workspace/src/hardware_interface'
[2.570s] INFO:colcon.colcon_core.plugin_system:Skipping extension 'colcon_core.shell.bat': Not used on non-Windows systems
[2.571s] INFO:colcon.colcon_core.shell:Skip shell extension 'powershell' for command environment: Not usable outside of PowerShell
[2.572s] DEBUG:colcon.colcon_core.shell:Skip shell extension 'dsv' for command environment
[2.603s] INFO:colcon.colcon_ros.task.ament_python.build:Building ROS package in '/home/yangy/SpiderBot/ros2_workspace/src/sensor_debug' with build type 'ament_python'
[2.604s] Level 1:colcon.colcon_core.shell:create_environment_hook('sensor_debug', 'ament_prefix_path')
[2.606s] INFO:colcon.colcon_core.shell:Creating environment hook '/home/yangy/SpiderBot/ros2_workspace/install/sensor_debug/share/sensor_debug/hook/ament_prefix_path.ps1'
[2.612s] INFO:colcon.colcon_core.shell:Creating environment descriptor '/home/yangy/SpiderBot/ros2_workspace/install/sensor_debug/share/sensor_debug/hook/ament_prefix_path.dsv'
[2.616s] INFO:colcon.colcon_core.shell:Creating environment hook '/home/yangy/SpiderBot/ros2_workspace/install/sensor_debug/share/sensor_debug/hook/ament_prefix_path.sh'
[2.621s] INFO:colcon.colcon_core.shell:Skip shell extension 'powershell' for command environment: Not usable outside of PowerShell
[2.621s] DEBUG:colcon.colcon_core.shell:Skip shell extension 'dsv' for command environment
[2.641s] INFO:colcon.colcon_ros.task.ament_python.build:Building ROS package in '/home/yangy/SpiderBot/ros2_workspace/src/visiontools_py' with build type 'ament_python'
[2.642s] Level 1:colcon.colcon_core.shell:create_environment_hook('visiontools_py', 'ament_prefix_path')
[2.644s] INFO:colcon.colcon_core.shell:Creating environment hook '/home/yangy/SpiderBot/ros2_workspace/install/visiontools_py/share/visiontools_py/hook/ament_prefix_path.ps1'
[2.646s] INFO:colcon.colcon_core.shell:Creating environment descriptor '/home/yangy/SpiderBot/ros2_workspace/install/visiontools_py/share/visiontools_py/hook/ament_prefix_path.dsv'
[2.649s] INFO:colcon.colcon_core.shell:Creating environment hook '/home/yangy/SpiderBot/ros2_workspace/install/visiontools_py/share/visiontools_py/hook/ament_prefix_path.sh'
[2.653s] INFO:colcon.colcon_core.shell:Skip shell extension 'powershell' for command environment: Not usable outside of PowerShell
[2.653s] DEBUG:colcon.colcon_core.shell:Skip shell extension 'dsv' for command environment
[2.693s] DEBUG:colcon.colcon_core.event_handler.log_command:Invoking command in '/home/yangy/SpiderBot/ros2_workspace/build/hardware_interface': CMAKE_PREFIX_PATH=${CMAKE_PREFIX_PATH}:/home/yangy/SpiderBot/ros2_workspace/install/visiontools_py:/home/yangy/SpiderBot/ros2_workspace/install/sensor_debug:/home/yangy/SpiderBot/ros2_workspace/install/hardware_interface_py:/opt/ros/humble /usr/bin/cmake --build /home/yangy/SpiderBot/ros2_workspace/build/hardware_interface -- -j4 -l4
[4.714s] INFO:colcon.colcon_core.task.python.build:Building Python package in '/home/yangy/SpiderBot/ros2_workspace/src/sensor_debug'
[4.715s] INFO:colcon.colcon_core.shell:Skip shell extension 'powershell' for command environment: Not usable outside of PowerShell
[4.715s] DEBUG:colcon.colcon_core.shell:Skip shell extension 'dsv' for command environment
[6.150s] INFO:colcon.colcon_core.task.python.build:Building Python package in '/home/yangy/SpiderBot/ros2_workspace/src/visiontools_py'
[6.151s] INFO:colcon.colcon_core.shell:Skip shell extension 'powershell' for command environment: Not usable outside of PowerShell
[6.151s] DEBUG:colcon.colcon_core.shell:Skip shell extension 'dsv' for command environment
[6.192s] DEBUG:colcon.colcon_core.event_handler.log_command:Invoked command in '/home/yangy/SpiderBot/ros2_workspace/build/hardware_interface' returned '0': CMAKE_PREFIX_PATH=${CMAKE_PREFIX_PATH}:/home/yangy/SpiderBot/ros2_workspace/install/visiontools_py:/home/yangy/SpiderBot/ros2_workspace/install/sensor_debug:/home/yangy/SpiderBot/ros2_workspace/install/hardware_interface_py:/opt/ros/humble /usr/bin/cmake --build /home/yangy/SpiderBot/ros2_workspace/build/hardware_interface -- -j4 -l4
[6.243s] DEBUG:colcon.colcon_core.event_handler.log_command:Invoking command in '/home/yangy/SpiderBot/ros2_workspace/build/hardware_interface': CMAKE_PREFIX_PATH=${CMAKE_PREFIX_PATH}:/home/yangy/SpiderBot/ros2_workspace/install/visiontools_py:/home/yangy/SpiderBot/ros2_workspace/install/sensor_debug:/home/yangy/SpiderBot/ros2_workspace/install/hardware_interface_py:/opt/ros/humble /usr/bin/cmake --install /home/yangy/SpiderBot/ros2_workspace/build/hardware_interface
[7.004s] Level 1:colcon.colcon_core.environment:create_environment_scripts_only(hardware_interface)
[7.008s] DEBUG:colcon.colcon_core.event_handler.log_command:Invoked command in '/home/yangy/SpiderBot/ros2_workspace/build/hardware_interface' returned '0': CMAKE_PREFIX_PATH=${CMAKE_PREFIX_PATH}:/home/yangy/SpiderBot/ros2_workspace/install/visiontools_py:/home/yangy/SpiderBot/ros2_workspace/install/sensor_debug:/home/yangy/SpiderBot/ros2_workspace/install/hardware_interface_py:/opt/ros/humble /usr/bin/cmake --install /home/yangy/SpiderBot/ros2_workspace/build/hardware_interface
[7.073s] Level 1:colcon.colcon_core.environment:checking '/home/yangy/SpiderBot/ros2_workspace/install/hardware_interface' for CMake module files
[7.079s] Level 1:colcon.colcon_core.environment:checking '/home/yangy/SpiderBot/ros2_workspace/install/hardware_interface' for CMake config files
[7.089s] Level 1:colcon.colcon_core.shell:create_environment_hook('hardware_interface', 'cmake_prefix_path')
[7.090s] INFO:colcon.colcon_core.shell:Creating environment hook '/home/yangy/SpiderBot/ros2_workspace/install/hardware_interface/share/hardware_interface/hook/cmake_prefix_path.ps1'
[7.094s] INFO:colcon.colcon_core.shell:Creating environment descriptor '/home/yangy/SpiderBot/ros2_workspace/install/hardware_interface/share/hardware_interface/hook/cmake_prefix_path.dsv'
[7.097s] INFO:colcon.colcon_core.shell:Creating environment hook '/home/yangy/SpiderBot/ros2_workspace/install/hardware_interface/share/hardware_interface/hook/cmake_prefix_path.sh'
[7.103s] Level 1:colcon.colcon_core.environment:checking '/home/yangy/SpiderBot/ros2_workspace/install/hardware_interface/lib'
[7.104s] Level 1:colcon.colcon_core.shell:create_environment_hook('hardware_interface', 'ld_library_path_lib')
[7.106s] INFO:colcon.colcon_core.shell:Creating environment hook '/home/yangy/SpiderBot/ros2_workspace/install/hardware_interface/share/hardware_interface/hook/ld_library_path_lib.ps1'
[7.110s] INFO:colcon.colcon_core.shell:Creating environment descriptor '/home/yangy/SpiderBot/ros2_workspace/install/hardware_interface/share/hardware_interface/hook/ld_library_path_lib.dsv'
[7.114s] INFO:colcon.colcon_core.shell:Creating environment hook '/home/yangy/SpiderBot/ros2_workspace/install/hardware_interface/share/hardware_interface/hook/ld_library_path_lib.sh'
[7.122s] Level 1:colcon.colcon_core.environment:checking '/home/yangy/SpiderBot/ros2_workspace/install/hardware_interface/bin'
[7.123s] Level 1:colcon.colcon_core.environment:checking '/home/yangy/SpiderBot/ros2_workspace/install/hardware_interface/lib/pkgconfig/hardware_interface.pc'
[7.125s] Level 1:colcon.colcon_core.environment:checking '/home/yangy/SpiderBot/ros2_workspace/install/hardware_interface/lib/python3.10/site-packages'
[7.128s] Level 1:colcon.colcon_core.environment:checking '/home/yangy/SpiderBot/ros2_workspace/install/hardware_interface/bin'
[7.130s] INFO:colcon.colcon_core.shell:Creating package script '/home/yangy/SpiderBot/ros2_workspace/install/hardware_interface/share/hardware_interface/package.ps1'
[7.137s] INFO:colcon.colcon_core.shell:Creating package descriptor '/home/yangy/SpiderBot/ros2_workspace/install/hardware_interface/share/hardware_interface/package.dsv'
[7.145s] INFO:colcon.colcon_core.shell:Creating package script '/home/yangy/SpiderBot/ros2_workspace/install/hardware_interface/share/hardware_interface/package.sh'
[7.158s] INFO:colcon.colcon_core.shell:Creating package script '/home/yangy/SpiderBot/ros2_workspace/install/hardware_interface/share/hardware_interface/package.bash'
[7.165s] INFO:colcon.colcon_core.shell:Creating package script '/home/yangy/SpiderBot/ros2_workspace/install/hardware_interface/share/hardware_interface/package.zsh'
[7.171s] Level 1:colcon.colcon_core.environment:create_file_with_runtime_dependencies(/home/yangy/SpiderBot/ros2_workspace/install/hardware_interface/share/colcon-core/packages/hardware_interface)
[7.176s] Level 1:colcon.colcon_core.environment:create_environment_scripts_only(hardware_interface)
[7.177s] Level 1:colcon.colcon_core.environment:checking '/home/yangy/SpiderBot/ros2_workspace/install/hardware_interface' for CMake module files
[7.185s] Level 1:colcon.colcon_core.environment:checking '/home/yangy/SpiderBot/ros2_workspace/install/hardware_interface' for CMake config files
[7.194s] Level 1:colcon.colcon_core.shell:create_environment_hook('hardware_interface', 'cmake_prefix_path')
[7.195s] INFO:colcon.colcon_core.shell:Creating environment hook '/home/yangy/SpiderBot/ros2_workspace/install/hardware_interface/share/hardware_interface/hook/cmake_prefix_path.ps1'
[7.199s] INFO:colcon.colcon_core.shell:Creating environment descriptor '/home/yangy/SpiderBot/ros2_workspace/install/hardware_interface/share/hardware_interface/hook/cmake_prefix_path.dsv'
[7.203s] INFO:colcon.colcon_core.shell:Creating environment hook '/home/yangy/SpiderBot/ros2_workspace/install/hardware_interface/share/hardware_interface/hook/cmake_prefix_path.sh'
[7.209s] Level 1:colcon.colcon_core.environment:checking '/home/yangy/SpiderBot/ros2_workspace/install/hardware_interface/lib'
[7.211s] Level 1:colcon.colcon_core.shell:create_environment_hook('hardware_interface', 'ld_library_path_lib')
[7.213s] INFO:colcon.colcon_core.shell:Creating environment hook '/home/yangy/SpiderBot/ros2_workspace/install/hardware_interface/share/hardware_interface/hook/ld_library_path_lib.ps1'
[7.217s] INFO:colcon.colcon_core.shell:Creating environment descriptor '/home/yangy/SpiderBot/ros2_workspace/install/hardware_interface/share/hardware_interface/hook/ld_library_path_lib.dsv'
[7.223s] INFO:colcon.colcon_core.shell:Creating environment hook '/home/yangy/SpiderBot/ros2_workspace/install/hardware_interface/share/hardware_interface/hook/ld_library_path_lib.sh'
[7.229s] Level 1:colcon.colcon_core.environment:checking '/home/yangy/SpiderBot/ros2_workspace/install/hardware_interface/bin'
[7.230s] Level 1:colcon.colcon_core.environment:checking '/home/yangy/SpiderBot/ros2_workspace/install/hardware_interface/lib/pkgconfig/hardware_interface.pc'
[7.232s] Level 1:colcon.colcon_core.environment:checking '/home/yangy/SpiderBot/ros2_workspace/install/hardware_interface/lib/python3.10/site-packages'
[7.235s] Level 1:colcon.colcon_core.environment:checking '/home/yangy/SpiderBot/ros2_workspace/install/hardware_interface/bin'
[7.237s] INFO:colcon.colcon_core.shell:Creating package script '/home/yangy/SpiderBot/ros2_workspace/install/hardware_interface/share/hardware_interface/package.ps1'
[7.243s] INFO:colcon.colcon_core.shell:Creating package descriptor '/home/yangy/SpiderBot/ros2_workspace/install/hardware_interface/share/hardware_interface/package.dsv'
[7.248s] INFO:colcon.colcon_core.shell:Creating package script '/home/yangy/SpiderBot/ros2_workspace/install/hardware_interface/share/hardware_interface/package.sh'
[7.254s] INFO:colcon.colcon_core.shell:Creating package script '/home/yangy/SpiderBot/ros2_workspace/install/hardware_interface/share/hardware_interface/package.bash'
[7.259s] INFO:colcon.colcon_core.shell:Creating package script '/home/yangy/SpiderBot/ros2_workspace/install/hardware_interface/share/hardware_interface/package.zsh'
[7.263s] Level 1:colcon.colcon_core.environment:create_file_with_runtime_dependencies(/home/yangy/SpiderBot/ros2_workspace/install/hardware_interface/share/colcon-core/packages/hardware_interface)
[7.267s] INFO:colcon.colcon_ros.task.ament_python.build:Building ROS package in '/home/yangy/SpiderBot/ros2_workspace/src/hardware_interface_py' with build type 'ament_python'
[7.268s] Level 1:colcon.colcon_core.shell:create_environment_hook('hardware_interface_py', 'ament_prefix_path')
[7.270s] INFO:colcon.colcon_core.shell:Creating environment hook '/home/yangy/SpiderBot/ros2_workspace/install/hardware_interface_py/share/hardware_interface_py/hook/ament_prefix_path.ps1'
[7.275s] INFO:colcon.colcon_core.shell:Creating environment descriptor '/home/yangy/SpiderBot/ros2_workspace/install/hardware_interface_py/share/hardware_interface_py/hook/ament_prefix_path.dsv'
[7.277s] INFO:colcon.colcon_core.shell:Creating environment hook '/home/yangy/SpiderBot/ros2_workspace/install/hardware_interface_py/share/hardware_interface_py/hook/ament_prefix_path.sh'
[7.281s] INFO:colcon.colcon_core.shell:Skip shell extension 'powershell' for command environment: Not usable outside of PowerShell
[7.282s] DEBUG:colcon.colcon_core.shell:Skip shell extension 'dsv' for command environment
[9.090s] INFO:colcon.colcon_core.task.python.build:Building Python package in '/home/yangy/SpiderBot/ros2_workspace/src/hardware_interface_py'
[9.091s] INFO:colcon.colcon_core.shell:Skip shell extension 'powershell' for command environment: Not usable outside of PowerShell
[9.092s] DEBUG:colcon.colcon_core.shell:Skip shell extension 'dsv' for command environment
[9.133s] DEBUG:colcon.colcon_core.event_handler.log_command:Invoking command in '/home/yangy/SpiderBot/ros2_workspace/build/sensor_debug': PYTHONPATH=/home/yangy/SpiderBot/ros2_workspace/build/sensor_debug/prefix_override:/usr/lib/python3/dist-packages/colcon_core/task/python/colcon_distutils_commands:/home/yangy/SpiderBot/ros2_workspace/install/sensor_debug/lib/python3.10/site-packages:${PYTHONPATH} /usr/bin/python3 -W ignore:setup.py install is deprecated -W ignore:easy_install command is deprecated setup.py develop --editable --build-directory /home/yangy/SpiderBot/ros2_workspace/build/sensor_debug/build --no-deps symlink_data
[9.147s] DEBUG:colcon.colcon_core.event_handler.log_command:Invoking command in '/home/yangy/SpiderBot/ros2_workspace/build/visiontools_py': PYTHONPATH=/home/yangy/SpiderBot/ros2_workspace/build/visiontools_py/prefix_override:/usr/lib/python3/dist-packages/colcon_core/task/python/colcon_distutils_commands:/home/yangy/SpiderBot/ros2_workspace/install/visiontools_py/lib/python3.10/site-packages:${PYTHONPATH} /usr/bin/python3 -W ignore:setup.py install is deprecated -W ignore:easy_install command is deprecated setup.py develop --editable --build-directory /home/yangy/SpiderBot/ros2_workspace/build/visiontools_py/build --no-deps symlink_data
[11.285s] DEBUG:colcon.colcon_core.event_handler.log_command:Invoking command in '/home/yangy/SpiderBot/ros2_workspace/build/hardware_interface_py': PYTHONPATH=/home/yangy/SpiderBot/ros2_workspace/build/hardware_interface_py/prefix_override:/usr/lib/python3/dist-packages/colcon_core/task/python/colcon_distutils_commands:/home/yangy/SpiderBot/ros2_workspace/install/hardware_interface_py/lib/python3.10/site-packages:${PYTHONPATH} /usr/bin/python3 -W ignore:setup.py install is deprecated -W ignore:easy_install command is deprecated setup.py develop --editable --build-directory /home/yangy/SpiderBot/ros2_workspace/build/hardware_interface_py/build --no-deps symlink_data
[12.397s] Level 1:colcon.colcon_core.shell:create_environment_hook('visiontools_py', 'pythonpath_develop')
[12.398s] INFO:colcon.colcon_core.shell:Creating environment hook '/home/yangy/SpiderBot/ros2_workspace/build/visiontools_py/share/visiontools_py/hook/pythonpath_develop.ps1'
[12.403s] DEBUG:colcon.colcon_core.event_handler.log_command:Invoked command in '/home/yangy/SpiderBot/ros2_workspace/build/visiontools_py' returned '0': PYTHONPATH=/home/yangy/SpiderBot/ros2_workspace/build/visiontools_py/prefix_override:/usr/lib/python3/dist-packages/colcon_core/task/python/colcon_distutils_commands:/home/yangy/SpiderBot/ros2_workspace/install/visiontools_py/lib/python3.10/site-packages:${PYTHONPATH} /usr/bin/python3 -W ignore:setup.py install is deprecated -W ignore:easy_install command is deprecated setup.py develop --editable --build-directory /home/yangy/SpiderBot/ros2_workspace/build/visiontools_py/build --no-deps symlink_data
[12.405s] INFO:colcon.colcon_core.shell:Creating environment descriptor '/home/yangy/SpiderBot/ros2_workspace/build/visiontools_py/share/visiontools_py/hook/pythonpath_develop.dsv'
[12.411s] INFO:colcon.colcon_core.shell:Creating environment hook '/home/yangy/SpiderBot/ros2_workspace/build/visiontools_py/share/visiontools_py/hook/pythonpath_develop.sh'
[12.420s] Level 1:colcon.colcon_core.environment:checking '/home/yangy/SpiderBot/ros2_workspace/install/visiontools_py' for CMake module files
[12.424s] Level 1:colcon.colcon_core.environment:checking '/home/yangy/SpiderBot/ros2_workspace/install/visiontools_py' for CMake config files
[12.431s] Level 1:colcon.colcon_core.environment:checking '/home/yangy/SpiderBot/ros2_workspace/install/visiontools_py/lib'
[12.434s] Level 1:colcon.colcon_core.environment:checking '/home/yangy/SpiderBot/ros2_workspace/install/visiontools_py/bin'
[12.435s] Level 1:colcon.colcon_core.environment:checking '/home/yangy/SpiderBot/ros2_workspace/install/visiontools_py/lib/pkgconfig/visiontools_py.pc'
[12.438s] Level 1:colcon.colcon_core.environment:checking '/home/yangy/SpiderBot/ros2_workspace/install/visiontools_py/lib/python3.10/site-packages'
[12.439s] Level 1:colcon.colcon_core.shell:create_environment_hook('visiontools_py', 'pythonpath')
[12.441s] INFO:colcon.colcon_core.shell:Creating environment hook '/home/yangy/SpiderBot/ros2_workspace/install/visiontools_py/share/visiontools_py/hook/pythonpath.ps1'
[12.445s] INFO:colcon.colcon_core.shell:Creating environment descriptor '/home/yangy/SpiderBot/ros2_workspace/install/visiontools_py/share/visiontools_py/hook/pythonpath.dsv'
[12.448s] INFO:colcon.colcon_core.shell:Creating environment hook '/home/yangy/SpiderBot/ros2_workspace/install/visiontools_py/share/visiontools_py/hook/pythonpath.sh'
[12.454s] Level 1:colcon.colcon_core.environment:checking '/home/yangy/SpiderBot/ros2_workspace/install/visiontools_py/bin'
[12.454s] Level 1:colcon.colcon_core.environment:create_environment_scripts_only(visiontools_py)
[12.457s] INFO:colcon.colcon_core.shell:Creating package script '/home/yangy/SpiderBot/ros2_workspace/install/visiontools_py/share/visiontools_py/package.ps1'
[12.464s] INFO:colcon.colcon_core.shell:Creating package descriptor '/home/yangy/SpiderBot/ros2_workspace/install/visiontools_py/share/visiontools_py/package.dsv'
[12.469s] INFO:colcon.colcon_core.shell:Creating package script '/home/yangy/SpiderBot/ros2_workspace/install/visiontools_py/share/visiontools_py/package.sh'
[12.473s] INFO:colcon.colcon_core.shell:Creating package script '/home/yangy/SpiderBot/ros2_workspace/install/visiontools_py/share/visiontools_py/package.bash'
[12.476s] INFO:colcon.colcon_core.shell:Creating package script '/home/yangy/SpiderBot/ros2_workspace/install/visiontools_py/share/visiontools_py/package.zsh'
[12.479s] Level 1:colcon.colcon_core.environment:create_file_with_runtime_dependencies(/home/yangy/SpiderBot/ros2_workspace/install/visiontools_py/share/colcon-core/packages/visiontools_py)
[12.484s] Level 1:colcon.colcon_core.shell:create_environment_hook('sensor_debug', 'pythonpath_develop')
[12.485s] INFO:colcon.colcon_core.shell:Creating environment hook '/home/yangy/SpiderBot/ros2_workspace/build/sensor_debug/share/sensor_debug/hook/pythonpath_develop.ps1'
[12.488s] INFO:colcon.colcon_core.shell:Creating environment descriptor '/home/yangy/SpiderBot/ros2_workspace/build/sensor_debug/share/sensor_debug/hook/pythonpath_develop.dsv'
[12.492s] DEBUG:colcon.colcon_core.event_handler.log_command:Invoked command in '/home/yangy/SpiderBot/ros2_workspace/build/sensor_debug' returned '0': PYTHONPATH=/home/yangy/SpiderBot/ros2_workspace/build/sensor_debug/prefix_override:/usr/lib/python3/dist-packages/colcon_core/task/python/colcon_distutils_commands:/home/yangy/SpiderBot/ros2_workspace/install/sensor_debug/lib/python3.10/site-packages:${PYTHONPATH} /usr/bin/python3 -W ignore:setup.py install is deprecated -W ignore:easy_install command is deprecated setup.py develop --editable --build-directory /home/yangy/SpiderBot/ros2_workspace/build/sensor_debug/build --no-deps symlink_data
[12.492s] INFO:colcon.colcon_core.shell:Creating environment hook '/home/yangy/SpiderBot/ros2_workspace/build/sensor_debug/share/sensor_debug/hook/pythonpath_develop.sh'
[12.497s] Level 1:colcon.colcon_core.environment:checking '/home/yangy/SpiderBot/ros2_workspace/install/sensor_debug' for CMake module files
[12.500s] Level 1:colcon.colcon_core.environment:checking '/home/yangy/SpiderBot/ros2_workspace/install/sensor_debug' for CMake config files
[12.504s] Level 1:colcon.colcon_core.environment:checking '/home/yangy/SpiderBot/ros2_workspace/install/sensor_debug/lib'
[12.505s] Level 1:colcon.colcon_core.environment:checking '/home/yangy/SpiderBot/ros2_workspace/install/sensor_debug/bin'
[12.506s] Level 1:colcon.colcon_core.environment:checking '/home/yangy/SpiderBot/ros2_workspace/install/sensor_debug/lib/pkgconfig/sensor_debug.pc'
[12.508s] Level 1:colcon.colcon_core.environment:checking '/home/yangy/SpiderBot/ros2_workspace/install/sensor_debug/lib/python3.10/site-packages'
[12.508s] Level 1:colcon.colcon_core.shell:create_environment_hook('sensor_debug', 'pythonpath')
[12.510s] INFO:colcon.colcon_core.shell:Creating environment hook '/home/yangy/SpiderBot/ros2_workspace/install/sensor_debug/share/sensor_debug/hook/pythonpath.ps1'
[12.515s] INFO:colcon.colcon_core.shell:Creating environment descriptor '/home/yangy/SpiderBot/ros2_workspace/install/sensor_debug/share/sensor_debug/hook/pythonpath.dsv'
[12.517s] INFO:colcon.colcon_core.shell:Creating environment hook '/home/yangy/SpiderBot/ros2_workspace/install/sensor_debug/share/sensor_debug/hook/pythonpath.sh'
[12.520s] Level 1:colcon.colcon_core.environment:checking '/home/yangy/SpiderBot/ros2_workspace/install/sensor_debug/bin'
[12.521s] Level 1:colcon.colcon_core.environment:create_environment_scripts_only(sensor_debug)
[12.523s] INFO:colcon.colcon_core.shell:Creating package script '/home/yangy/SpiderBot/ros2_workspace/install/sensor_debug/share/sensor_debug/package.ps1'
[12.525s] INFO:colcon.colcon_core.shell:Creating package descriptor '/home/yangy/SpiderBot/ros2_workspace/install/sensor_debug/share/sensor_debug/package.dsv'
[12.528s] INFO:colcon.colcon_core.shell:Creating package script '/home/yangy/SpiderBot/ros2_workspace/install/sensor_debug/share/sensor_debug/package.sh'
[12.531s] INFO:colcon.colcon_core.shell:Creating package script '/home/yangy/SpiderBot/ros2_workspace/install/sensor_debug/share/sensor_debug/package.bash'
[12.533s] INFO:colcon.colcon_core.shell:Creating package script '/home/yangy/SpiderBot/ros2_workspace/install/sensor_debug/share/sensor_debug/package.zsh'
[12.535s] Level 1:colcon.colcon_core.environment:create_file_with_runtime_dependencies(/home/yangy/SpiderBot/ros2_workspace/install/sensor_debug/share/colcon-core/packages/sensor_debug)
[14.045s] Level 1:colcon.colcon_core.shell:create_environment_hook('hardware_interface_py', 'pythonpath_develop')
[14.046s] INFO:colcon.colcon_core.shell:Creating environment hook '/home/yangy/SpiderBot/ros2_workspace/build/hardware_interface_py/share/hardware_interface_py/hook/pythonpath_develop.ps1'
[14.048s] DEBUG:colcon.colcon_core.event_handler.log_command:Invoked command in '/home/yangy/SpiderBot/ros2_workspace/build/hardware_interface_py' returned '0': PYTHONPATH=/home/yangy/SpiderBot/ros2_workspace/build/hardware_interface_py/prefix_override:/usr/lib/python3/dist-packages/colcon_core/task/python/colcon_distutils_commands:/home/yangy/SpiderBot/ros2_workspace/install/hardware_interface_py/lib/python3.10/site-packages:${PYTHONPATH} /usr/bin/python3 -W ignore:setup.py install is deprecated -W ignore:easy_install command is deprecated setup.py develop --editable --build-directory /home/yangy/SpiderBot/ros2_workspace/build/hardware_interface_py/build --no-deps symlink_data
[14.050s] INFO:colcon.colcon_core.shell:Creating environment descriptor '/home/yangy/SpiderBot/ros2_workspace/build/hardware_interface_py/share/hardware_interface_py/hook/pythonpath_develop.dsv'
[14.052s] INFO:colcon.colcon_core.shell:Creating environment hook '/home/yangy/SpiderBot/ros2_workspace/build/hardware_interface_py/share/hardware_interface_py/hook/pythonpath_develop.sh'
[14.055s] Level 1:colcon.colcon_core.environment:checking '/home/yangy/SpiderBot/ros2_workspace/install/hardware_interface_py' for CMake module files
[14.059s] Level 1:colcon.colcon_core.environment:checking '/home/yangy/SpiderBot/ros2_workspace/install/hardware_interface_py' for CMake config files
[14.063s] Level 1:colcon.colcon_core.environment:checking '/home/yangy/SpiderBot/ros2_workspace/install/hardware_interface_py/lib'
[14.064s] Level 1:colcon.colcon_core.environment:checking '/home/yangy/SpiderBot/ros2_workspace/install/hardware_interface_py/bin'
[14.064s] Level 1:colcon.colcon_core.environment:checking '/home/yangy/SpiderBot/ros2_workspace/install/hardware_interface_py/lib/pkgconfig/hardware_interface_py.pc'
[14.065s] Level 1:colcon.colcon_core.environment:checking '/home/yangy/SpiderBot/ros2_workspace/install/hardware_interface_py/lib/python3.10/site-packages'
[14.066s] Level 1:colcon.colcon_core.shell:create_environment_hook('hardware_interface_py', 'pythonpath')
[14.067s] INFO:colcon.colcon_core.shell:Creating environment hook '/home/yangy/SpiderBot/ros2_workspace/install/hardware_interface_py/share/hardware_interface_py/hook/pythonpath.ps1'
[14.069s] INFO:colcon.colcon_core.shell:Creating environment descriptor '/home/yangy/SpiderBot/ros2_workspace/install/hardware_interface_py/share/hardware_interface_py/hook/pythonpath.dsv'
[14.070s] INFO:colcon.colcon_core.shell:Creating environment hook '/home/yangy/SpiderBot/ros2_workspace/install/hardware_interface_py/share/hardware_interface_py/hook/pythonpath.sh'
[14.074s] Level 1:colcon.colcon_core.environment:checking '/home/yangy/SpiderBot/ros2_workspace/install/hardware_interface_py/bin'
[14.074s] Level 1:colcon.colcon_core.environment:create_environment_scripts_only(hardware_interface_py)
[14.076s] INFO:colcon.colcon_core.shell:Creating package script '/home/yangy/SpiderBot/ros2_workspace/install/hardware_interface_py/share/hardware_interface_py/package.ps1'
[14.079s] INFO:colcon.colcon_core.shell:Creating package descriptor '/home/yangy/SpiderBot/ros2_workspace/install/hardware_interface_py/share/hardware_interface_py/package.dsv'
[14.082s] INFO:colcon.colcon_core.shell:Creating package script '/home/yangy/SpiderBot/ros2_workspace/install/hardware_interface_py/share/hardware_interface_py/package.sh'
[14.085s] INFO:colcon.colcon_core.shell:Creating package script '/home/yangy/SpiderBot/ros2_workspace/install/hardware_interface_py/share/hardware_interface_py/package.bash'
[14.088s] INFO:colcon.colcon_core.shell:Creating package script '/home/yangy/SpiderBot/ros2_workspace/install/hardware_interface_py/share/hardware_interface_py/package.zsh'
[14.090s] Level 1:colcon.colcon_core.environment:create_file_with_runtime_dependencies(/home/yangy/SpiderBot/ros2_workspace/install/hardware_interface_py/share/colcon-core/packages/hardware_interface_py)
[14.092s] DEBUG:colcon.colcon_parallel_executor.executor.parallel:closing loop
[14.094s] DEBUG:colcon.colcon_parallel_executor.executor.parallel:loop closed
[14.094s] DEBUG:colcon.colcon_parallel_executor.executor.parallel:run_until_complete finished with '0'
[14.095s] DEBUG:colcon.colcon_core.event_reactor:joining thread
[14.126s] INFO:colcon.colcon_core.plugin_system:Skipping extension 'colcon_notification.desktop_notification.terminal_notifier': Not used on non-Darwin systems
[14.127s] INFO:colcon.colcon_core.plugin_system:Skipping extension 'colcon_notification.desktop_notification.win32': Not used on non-Windows systems
[14.127s] INFO:colcon.colcon_notification.desktop_notification:Sending desktop notification using 'notify2'
[14.182s] DEBUG:colcon.colcon_core.event_reactor:joined thread
[14.183s] INFO:colcon.colcon_core.shell:Creating prefix script '/home/yangy/SpiderBot/ros2_workspace/install/local_setup.ps1'
[14.194s] INFO:colcon.colcon_core.shell:Creating prefix util module '/home/yangy/SpiderBot/ros2_workspace/install/_local_setup_util_ps1.py'
[14.203s] INFO:colcon.colcon_core.shell:Creating prefix chain script '/home/yangy/SpiderBot/ros2_workspace/install/setup.ps1'
[14.210s] INFO:colcon.colcon_core.shell:Creating prefix script '/home/yangy/SpiderBot/ros2_workspace/install/local_setup.sh'
[14.214s] INFO:colcon.colcon_core.shell:Creating prefix util module '/home/yangy/SpiderBot/ros2_workspace/install/_local_setup_util_sh.py'
[14.217s] INFO:colcon.colcon_core.shell:Creating prefix chain script '/home/yangy/SpiderBot/ros2_workspace/install/setup.sh'
[14.223s] INFO:colcon.colcon_core.shell:Creating prefix script '/home/yangy/SpiderBot/ros2_workspace/install/local_setup.bash'
[14.227s] INFO:colcon.colcon_core.shell:Creating prefix chain script '/home/yangy/SpiderBot/ros2_workspace/install/setup.bash'
[14.233s] INFO:colcon.colcon_core.shell:Creating prefix script '/home/yangy/SpiderBot/ros2_workspace/install/local_setup.zsh'
[14.236s] INFO:colcon.colcon_core.shell:Creating prefix chain script '/home/yangy/SpiderBot/ros2_workspace/install/setup.zsh'
