[0.132s] Invoking command in '/home/yangy/SpiderBot/ros2_workspace/build/hardware_interface': CMAKE_PREFIX_PATH=/opt/ros/humble /usr/bin/cmake /home/yangy/SpiderBot/ros2_workspace/src/hardware_interface -DAMENT_CMAKE_SYMLINK_INSTALL=1 -DCMAKE_INSTALL_PREFIX=/home/yangy/SpiderBot/ros2_workspace/install/hardware_interface
[1.690s] -- Found ament_cmake: 1.3.12 (/opt/ros/humble/share/ament_cmake/cmake)
[1.691s] -- Override CMake install command with custom implementation using symlinks instead of copying resources
[1.692s] -- Found rclcpp: 16.0.15 (/opt/ros/humble/share/rclcpp/cmake)
[1.692s] -- Found rosidl_generator_c: 3.1.7 (/opt/ros/humble/share/rosidl_generator_c/cmake)
[1.692s] -- Found rosidl_adapter: 3.1.7 (/opt/ros/humble/share/rosidl_adapter/cmake)
[1.693s] -- Found rosidl_generator_cpp: 3.1.7 (/opt/ros/humble/share/rosidl_generator_cpp/cmake)
[1.693s] -- Using all available rosidl_typesupport_c: rosidl_typesupport_fastrtps_c;rosidl_typesupport_introspection_c
[1.773s] -- Using all available rosidl_typesupport_cpp: rosidl_typesupport_fastrtps_cpp;rosidl_typesupport_introspection_cpp
[2.023s] -- Found rmw_implementation_cmake: 6.1.2 (/opt/ros/humble/share/rmw_implementation_cmake/cmake)
[2.035s] -- Found rmw_fastrtps_cpp: 6.2.8 (/opt/ros/humble/share/rmw_fastrtps_cpp/cmake)
[3.123s] -- Using RMW implementation 'rmw_fastrtps_cpp' as default
[3.562s] -- Found sensor_msgs: 4.9.0 (/opt/ros/humble/share/sensor_msgs/cmake)
[3.804s] -- Found cv_bridge: 3.2.1 (/opt/ros/humble/share/cv_bridge/cmake)
[3.823s] -- Found rosidl_default_generators: 1.2.0 (/opt/ros/humble/share/rosidl_default_generators/cmake)
[5.544s] -- Found ament_cmake_ros: 0.10.0 (/opt/ros/humble/share/ament_cmake_ros/cmake)
[7.447s] -- Using all available rosidl_typesupport_c: rosidl_typesupport_fastrtps_c;rosidl_typesupport_introspection_c
[8.183s] -- Using all available rosidl_typesupport_cpp: rosidl_typesupport_fastrtps_cpp;rosidl_typesupport_introspection_cpp
[8.330s] -- Found python_cmake_module: 0.10.0 (/opt/ros/humble/share/python_cmake_module/cmake)
[8.484s] -- Using PYTHON_EXECUTABLE: /usr/bin/python3
[8.507s] -- Using PYTHON_INCLUDE_DIRS: /usr/include/python3.10
[8.512s] -- Using PYTHON_LIBRARIES: /usr/lib/aarch64-linux-gnu/libpython3.10.so
[8.694s] -- Found ament_lint_auto: 0.12.14 (/opt/ros/humble/share/ament_lint_auto/cmake)
[8.857s] -- Added test 'cppcheck' to perform static code analysis on C / C++ code
[8.862s] -- Configured cppcheck include dirs: 
[8.865s] -- Configured cppcheck exclude dirs and/or files: 
[8.869s] -- Added test 'lint_cmake' to check CMake code style
[8.883s] -- Added test 'uncrustify' to check C / C++ code style
[8.885s] -- Configured uncrustify additional arguments: 
[8.886s] -- Added test 'xmllint' to check XML markup files
[8.913s] -- Configuring done
[9.282s] -- Generating done
[9.342s] -- Build files have been written to: /home/yangy/SpiderBot/ros2_workspace/build/hardware_interface
[9.399s] Invoked command in '/home/yangy/SpiderBot/ros2_workspace/build/hardware_interface' returned '0': CMAKE_PREFIX_PATH=/opt/ros/humble /usr/bin/cmake /home/yangy/SpiderBot/ros2_workspace/src/hardware_interface -DAMENT_CMAKE_SYMLINK_INSTALL=1 -DCMAKE_INSTALL_PREFIX=/home/yangy/SpiderBot/ros2_workspace/install/hardware_interface
[9.411s] Invoking command in '/home/yangy/SpiderBot/ros2_workspace/build/hardware_interface': CMAKE_PREFIX_PATH=/opt/ros/humble /usr/bin/cmake --build /home/yangy/SpiderBot/ros2_workspace/build/hardware_interface -- -j4 -l4
[9.643s] [35m[1mConsolidate compiler generated dependencies of target hardware_interface__rosidl_generator_c[0m
[9.653s] [35m[1mConsolidate compiler generated dependencies of target camera[0m
[9.724s] [  3%] Built target hardware_interface__cpp
[9.733s] [ 12%] Built target hardware_interface__rosidl_generator_c
[9.775s] [ 12%] Built target ament_cmake_python_symlink_hardware_interface
[9.777s] [35m[1mConsolidate compiler generated dependencies of target hardware_interface__rosidl_typesupport_cpp[0m
[9.813s] [35m[1mConsolidate compiler generated dependencies of target hardware_interface__rosidl_typesupport_fastrtps_cpp[0m
[9.845s] [35m[1mConsolidate compiler generated dependencies of target hardware_interface__rosidl_typesupport_introspection_c[0m
[9.867s] [ 21%] Built target hardware_interface__rosidl_typesupport_cpp
[9.887s] [ 27%] Built target camera
[9.897s] [ 36%] Built target hardware_interface__rosidl_typesupport_fastrtps_cpp
[9.929s] [35m[1mConsolidate compiler generated dependencies of target hardware_interface__rosidl_typesupport_c[0m
[9.936s] [ 45%] Built target hardware_interface__rosidl_typesupport_introspection_c
[9.970s] [35m[1mConsolidate compiler generated dependencies of target hardware_interface__rosidl_typesupport_introspection_cpp[0m
[10.010s] [35m[1mConsolidate compiler generated dependencies of target hardware_interface__rosidl_typesupport_fastrtps_c[0m
[10.037s] [ 54%] Built target hardware_interface__rosidl_typesupport_c
[10.040s] [ 63%] Built target hardware_interface__rosidl_typesupport_introspection_cpp
[10.074s] [ 72%] Built target hardware_interface__rosidl_typesupport_fastrtps_c
[10.170s] [ 72%] Built target hardware_interface
[10.278s] [ 75%] Built target hardware_interface__py
[10.331s] [35m[1mConsolidate compiler generated dependencies of target hardware_interface__rosidl_generator_py[0m
[10.404s] [ 81%] Built target hardware_interface__rosidl_generator_py
[10.457s] [35m[1mConsolidate compiler generated dependencies of target hardware_interface__rosidl_typesupport_fastrtps_c__pyext[0m
[10.473s] [35m[1mConsolidate compiler generated dependencies of target hardware_interface__rosidl_typesupport_introspection_c__pyext[0m
[10.474s] [35m[1mConsolidate compiler generated dependencies of target hardware_interface__rosidl_typesupport_c__pyext[0m
[10.600s] [ 87%] Built target hardware_interface__rosidl_typesupport_c__pyext
[10.605s] [ 93%] Built target hardware_interface__rosidl_typesupport_fastrtps_c__pyext
[10.612s] [100%] Built target hardware_interface__rosidl_typesupport_introspection_c__pyext
[11.244s] running egg_info
[11.247s] writing hardware_interface.egg-info/PKG-INFO
[11.248s] writing dependency_links to hardware_interface.egg-info/dependency_links.txt
[11.249s] writing top-level names to hardware_interface.egg-info/top_level.txt
[11.260s] reading manifest file 'hardware_interface.egg-info/SOURCES.txt'
[11.265s] writing manifest file 'hardware_interface.egg-info/SOURCES.txt'
[11.394s] [100%] Built target ament_cmake_python_build_hardware_interface_egg
[11.441s] Invoked command in '/home/yangy/SpiderBot/ros2_workspace/build/hardware_interface' returned '0': CMAKE_PREFIX_PATH=/opt/ros/humble /usr/bin/cmake --build /home/yangy/SpiderBot/ros2_workspace/build/hardware_interface -- -j4 -l4
[11.493s] Invoking command in '/home/yangy/SpiderBot/ros2_workspace/build/hardware_interface': CMAKE_PREFIX_PATH=/opt/ros/humble /usr/bin/cmake --install /home/yangy/SpiderBot/ros2_workspace/build/hardware_interface
[11.526s] -- Install configuration: ""
[11.527s] -- Execute custom install script
[11.529s] -- Up-to-date symlink: /home/yangy/SpiderBot/ros2_workspace/install/hardware_interface/lib/hardware_interface/camera
[11.531s] -- Up-to-date symlink: /home/yangy/SpiderBot/ros2_workspace/install/hardware_interface/share/ament_index/resource_index/rosidl_interfaces/hardware_interface
[11.533s] -- Up-to-date symlink: /home/yangy/SpiderBot/ros2_workspace/install/hardware_interface/include/hardware_interface/hardware_interface/msg/buzzer_duty.h
[11.534s] -- Up-to-date symlink: /home/yangy/SpiderBot/ros2_workspace/install/hardware_interface/include/hardware_interface/hardware_interface/msg/detail/buzzer_duty__functions.h
[11.535s] -- Up-to-date symlink: /home/yangy/SpiderBot/ros2_workspace/install/hardware_interface/include/hardware_interface/hardware_interface/msg/detail/buzzer_duty__struct.h
[11.536s] -- Up-to-date symlink: /home/yangy/SpiderBot/ros2_workspace/install/hardware_interface/include/hardware_interface/hardware_interface/msg/detail/buzzer_duty__type_support.h
[11.538s] -- Up-to-date symlink: /home/yangy/SpiderBot/ros2_workspace/install/hardware_interface/include/hardware_interface/hardware_interface/msg/rosidl_generator_c__visibility_control.h
[11.539s] -- Up-to-date symlink: /home/yangy/SpiderBot/ros2_workspace/install/hardware_interface/share/hardware_interface/environment/library_path.sh
[11.540s] -- Up-to-date symlink: /home/yangy/SpiderBot/ros2_workspace/install/hardware_interface/share/hardware_interface/environment/library_path.dsv
[11.543s] -- Up-to-date symlink: /home/yangy/SpiderBot/ros2_workspace/install/hardware_interface/include/hardware_interface/hardware_interface/msg/detail/buzzer_duty__rosidl_typesupport_fastrtps_c.h
[11.544s] -- Up-to-date symlink: /home/yangy/SpiderBot/ros2_workspace/install/hardware_interface/include/hardware_interface/hardware_interface/msg/rosidl_typesupport_fastrtps_c__visibility_control.h
[11.547s] -- Up-to-date symlink: /home/yangy/SpiderBot/ros2_workspace/install/hardware_interface/include/hardware_interface/hardware_interface/msg/buzzer_duty.hpp
[11.548s] -- Up-to-date symlink: /home/yangy/SpiderBot/ros2_workspace/install/hardware_interface/include/hardware_interface/hardware_interface/msg/detail/buzzer_duty__builder.hpp
[11.549s] -- Up-to-date symlink: /home/yangy/SpiderBot/ros2_workspace/install/hardware_interface/include/hardware_interface/hardware_interface/msg/detail/buzzer_duty__struct.hpp
[11.550s] -- Up-to-date symlink: /home/yangy/SpiderBot/ros2_workspace/install/hardware_interface/include/hardware_interface/hardware_interface/msg/detail/buzzer_duty__traits.hpp
[11.551s] -- Up-to-date symlink: /home/yangy/SpiderBot/ros2_workspace/install/hardware_interface/include/hardware_interface/hardware_interface/msg/detail/buzzer_duty__type_support.hpp
[11.552s] -- Up-to-date symlink: /home/yangy/SpiderBot/ros2_workspace/install/hardware_interface/include/hardware_interface/hardware_interface/msg/rosidl_generator_cpp__visibility_control.hpp
[11.556s] -- Up-to-date symlink: /home/yangy/SpiderBot/ros2_workspace/install/hardware_interface/include/hardware_interface/hardware_interface/msg/detail/buzzer_duty__rosidl_typesupport_fastrtps_cpp.hpp
[11.557s] -- Up-to-date symlink: /home/yangy/SpiderBot/ros2_workspace/install/hardware_interface/include/hardware_interface/hardware_interface/msg/rosidl_typesupport_fastrtps_cpp__visibility_control.h
[11.559s] -- Up-to-date symlink: /home/yangy/SpiderBot/ros2_workspace/install/hardware_interface/include/hardware_interface/hardware_interface/msg/detail/buzzer_duty__rosidl_typesupport_introspection_c.h
[11.560s] -- Up-to-date symlink: /home/yangy/SpiderBot/ros2_workspace/install/hardware_interface/include/hardware_interface/hardware_interface/msg/rosidl_typesupport_introspection_c__visibility_control.h
[11.563s] -- Up-to-date symlink: /home/yangy/SpiderBot/ros2_workspace/install/hardware_interface/include/hardware_interface/hardware_interface/msg/detail/buzzer_duty__rosidl_typesupport_introspection_cpp.hpp
[11.564s] -- Up-to-date symlink: /home/yangy/SpiderBot/ros2_workspace/install/hardware_interface/share/hardware_interface/environment/pythonpath.sh
[11.565s] -- Up-to-date symlink: /home/yangy/SpiderBot/ros2_workspace/install/hardware_interface/share/hardware_interface/environment/pythonpath.dsv
[11.567s] -- Up-to-date symlink: /home/yangy/SpiderBot/ros2_workspace/install/hardware_interface/local/lib/python3.10/dist-packages/hardware_interface-0.0.0-py3.10.egg-info/PKG-INFO
[11.568s] -- Up-to-date symlink: /home/yangy/SpiderBot/ros2_workspace/install/hardware_interface/local/lib/python3.10/dist-packages/hardware_interface-0.0.0-py3.10.egg-info/SOURCES.txt
[11.570s] -- Up-to-date symlink: /home/yangy/SpiderBot/ros2_workspace/install/hardware_interface/local/lib/python3.10/dist-packages/hardware_interface-0.0.0-py3.10.egg-info/dependency_links.txt
[11.571s] -- Up-to-date symlink: /home/yangy/SpiderBot/ros2_workspace/install/hardware_interface/local/lib/python3.10/dist-packages/hardware_interface-0.0.0-py3.10.egg-info/top_level.txt
[11.577s] -- Up-to-date symlink: /home/yangy/SpiderBot/ros2_workspace/install/hardware_interface/local/lib/python3.10/dist-packages/hardware_interface/__init__.py
[11.577s] -- Up-to-date symlink: /home/yangy/SpiderBot/ros2_workspace/install/hardware_interface/local/lib/python3.10/dist-packages/hardware_interface/_hardware_interface_s.ep.rosidl_typesupport_c.c
[11.578s] -- Up-to-date symlink: /home/yangy/SpiderBot/ros2_workspace/install/hardware_interface/local/lib/python3.10/dist-packages/hardware_interface/_hardware_interface_s.ep.rosidl_typesupport_fastrtps_c.c
[11.579s] -- Up-to-date symlink: /home/yangy/SpiderBot/ros2_workspace/install/hardware_interface/local/lib/python3.10/dist-packages/hardware_interface/_hardware_interface_s.ep.rosidl_typesupport_introspection_c.c
[11.580s] -- Up-to-date symlink: /home/yangy/SpiderBot/ros2_workspace/install/hardware_interface/local/lib/python3.10/dist-packages/hardware_interface/hardware_interface_s__rosidl_typesupport_c.cpython-310-aarch64-linux-gnu.so
[11.582s] -- Up-to-date symlink: /home/yangy/SpiderBot/ros2_workspace/install/hardware_interface/local/lib/python3.10/dist-packages/hardware_interface/hardware_interface_s__rosidl_typesupport_fastrtps_c.cpython-310-aarch64-linux-gnu.so
[11.583s] -- Up-to-date symlink: /home/yangy/SpiderBot/ros2_workspace/install/hardware_interface/local/lib/python3.10/dist-packages/hardware_interface/hardware_interface_s__rosidl_typesupport_introspection_c.cpython-310-aarch64-linux-gnu.so
[11.584s] -- Up-to-date symlink: /home/yangy/SpiderBot/ros2_workspace/install/hardware_interface/local/lib/python3.10/dist-packages/hardware_interface/libhardware_interface__rosidl_generator_py.so
[11.585s] -- Up-to-date symlink: /home/yangy/SpiderBot/ros2_workspace/install/hardware_interface/local/lib/python3.10/dist-packages/hardware_interface/msg/__init__.py
[11.586s] -- Up-to-date symlink: /home/yangy/SpiderBot/ros2_workspace/install/hardware_interface/local/lib/python3.10/dist-packages/hardware_interface/msg/_buzzer_duty.py
[11.587s] -- Up-to-date symlink: /home/yangy/SpiderBot/ros2_workspace/install/hardware_interface/local/lib/python3.10/dist-packages/hardware_interface/msg/_buzzer_duty_s.c
[11.589s] -- Up-to-date symlink: /home/yangy/SpiderBot/ros2_workspace/install/hardware_interface/local/lib/python3.10/dist-packages/hardware_interface/hardware_interface_s__rosidl_typesupport_fastrtps_c.cpython-310-aarch64-linux-gnu.so
[11.591s] -- Up-to-date symlink: /home/yangy/SpiderBot/ros2_workspace/install/hardware_interface/local/lib/python3.10/dist-packages/hardware_interface/hardware_interface_s__rosidl_typesupport_introspection_c.cpython-310-aarch64-linux-gnu.so
[11.593s] -- Up-to-date symlink: /home/yangy/SpiderBot/ros2_workspace/install/hardware_interface/local/lib/python3.10/dist-packages/hardware_interface/hardware_interface_s__rosidl_typesupport_c.cpython-310-aarch64-linux-gnu.so
[11.594s] -- Up-to-date symlink: /home/yangy/SpiderBot/ros2_workspace/install/hardware_interface/share/hardware_interface/msg/BuzzerDuty.idl
[11.596s] -- Up-to-date symlink: /home/yangy/SpiderBot/ros2_workspace/install/hardware_interface/share/hardware_interface/msg/BuzzerDuty.msg
[11.597s] -- Up-to-date symlink: /home/yangy/SpiderBot/ros2_workspace/install/hardware_interface/share/ament_index/resource_index/package_run_dependencies/hardware_interface
[11.599s] -- Up-to-date symlink: /home/yangy/SpiderBot/ros2_workspace/install/hardware_interface/share/ament_index/resource_index/parent_prefix_path/hardware_interface
[11.600s] -- Up-to-date symlink: /home/yangy/SpiderBot/ros2_workspace/install/hardware_interface/share/hardware_interface/environment/ament_prefix_path.sh
[11.601s] -- Up-to-date symlink: /home/yangy/SpiderBot/ros2_workspace/install/hardware_interface/share/hardware_interface/environment/ament_prefix_path.dsv
[11.602s] -- Up-to-date symlink: /home/yangy/SpiderBot/ros2_workspace/install/hardware_interface/share/hardware_interface/environment/path.sh
[11.603s] -- Up-to-date symlink: /home/yangy/SpiderBot/ros2_workspace/install/hardware_interface/share/hardware_interface/environment/path.dsv
[11.604s] -- Up-to-date symlink: /home/yangy/SpiderBot/ros2_workspace/install/hardware_interface/share/hardware_interface/local_setup.bash
[11.605s] -- Up-to-date symlink: /home/yangy/SpiderBot/ros2_workspace/install/hardware_interface/share/hardware_interface/local_setup.sh
[11.606s] -- Up-to-date symlink: /home/yangy/SpiderBot/ros2_workspace/install/hardware_interface/share/hardware_interface/local_setup.zsh
[11.607s] -- Up-to-date symlink: /home/yangy/SpiderBot/ros2_workspace/install/hardware_interface/share/hardware_interface/local_setup.dsv
[11.608s] -- Symlinking: /home/yangy/SpiderBot/ros2_workspace/install/hardware_interface/share/hardware_interface/package.dsv
[11.642s] -- Up-to-date symlink: /home/yangy/SpiderBot/ros2_workspace/install/hardware_interface/share/ament_index/resource_index/packages/hardware_interface
[11.643s] -- Up-to-date symlink: /home/yangy/SpiderBot/ros2_workspace/install/hardware_interface/share/hardware_interface/cmake/rosidl_cmake-extras.cmake
[11.644s] -- Up-to-date symlink: /home/yangy/SpiderBot/ros2_workspace/install/hardware_interface/share/hardware_interface/cmake/ament_cmake_export_include_directories-extras.cmake
[11.645s] -- Up-to-date symlink: /home/yangy/SpiderBot/ros2_workspace/install/hardware_interface/share/hardware_interface/cmake/ament_cmake_export_libraries-extras.cmake
[11.646s] -- Up-to-date symlink: /home/yangy/SpiderBot/ros2_workspace/install/hardware_interface/share/hardware_interface/cmake/ament_cmake_export_targets-extras.cmake
[11.647s] -- Up-to-date symlink: /home/yangy/SpiderBot/ros2_workspace/install/hardware_interface/share/hardware_interface/cmake/rosidl_cmake_export_typesupport_targets-extras.cmake
[11.648s] -- Up-to-date symlink: /home/yangy/SpiderBot/ros2_workspace/install/hardware_interface/share/hardware_interface/cmake/ament_cmake_export_dependencies-extras.cmake
[11.650s] -- Up-to-date symlink: /home/yangy/SpiderBot/ros2_workspace/install/hardware_interface/share/hardware_interface/cmake/rosidl_cmake_export_typesupport_libraries-extras.cmake
[11.651s] -- Up-to-date symlink: /home/yangy/SpiderBot/ros2_workspace/install/hardware_interface/share/hardware_interface/cmake/hardware_interfaceConfig.cmake
[11.652s] -- Up-to-date symlink: /home/yangy/SpiderBot/ros2_workspace/install/hardware_interface/share/hardware_interface/cmake/hardware_interfaceConfig-version.cmake
[11.653s] -- Up-to-date symlink: /home/yangy/SpiderBot/ros2_workspace/install/hardware_interface/share/hardware_interface/package.xml
[11.661s] -- Up-to-date: /home/yangy/SpiderBot/ros2_workspace/install/hardware_interface/lib/libhardware_interface__rosidl_generator_c.so
[11.665s] -- Up-to-date: /home/yangy/SpiderBot/ros2_workspace/install/hardware_interface/lib/libhardware_interface__rosidl_typesupport_fastrtps_c.so
[11.669s] -- Up-to-date: /home/yangy/SpiderBot/ros2_workspace/install/hardware_interface/lib/libhardware_interface__rosidl_typesupport_fastrtps_cpp.so
[11.673s] -- Up-to-date: /home/yangy/SpiderBot/ros2_workspace/install/hardware_interface/lib/libhardware_interface__rosidl_typesupport_introspection_c.so
[11.676s] -- Up-to-date: /home/yangy/SpiderBot/ros2_workspace/install/hardware_interface/lib/libhardware_interface__rosidl_typesupport_c.so
[11.680s] -- Up-to-date: /home/yangy/SpiderBot/ros2_workspace/install/hardware_interface/lib/libhardware_interface__rosidl_typesupport_introspection_cpp.so
[11.683s] -- Up-to-date: /home/yangy/SpiderBot/ros2_workspace/install/hardware_interface/lib/libhardware_interface__rosidl_typesupport_cpp.so
[11.856s] Listing '/home/yangy/SpiderBot/ros2_workspace/install/hardware_interface/local/lib/python3.10/dist-packages/hardware_interface'...
[11.857s] Compiling '/home/yangy/SpiderBot/ros2_workspace/install/hardware_interface/local/lib/python3.10/dist-packages/hardware_interface/__init__.py'...
[11.859s] Listing '/home/yangy/SpiderBot/ros2_workspace/install/hardware_interface/local/lib/python3.10/dist-packages/hardware_interface/msg'...
[11.893s] -- Up-to-date: /home/yangy/SpiderBot/ros2_workspace/install/hardware_interface/lib/libhardware_interface__rosidl_generator_py.so
[11.897s] -- Up-to-date: /home/yangy/SpiderBot/ros2_workspace/install/hardware_interface/share/hardware_interface/cmake/export_hardware_interface__rosidl_generator_cExport.cmake
[11.898s] -- Up-to-date: /home/yangy/SpiderBot/ros2_workspace/install/hardware_interface/share/hardware_interface/cmake/export_hardware_interface__rosidl_generator_cExport-noconfig.cmake
[11.900s] -- Up-to-date: /home/yangy/SpiderBot/ros2_workspace/install/hardware_interface/share/hardware_interface/cmake/export_hardware_interface__rosidl_typesupport_fastrtps_cExport.cmake
[11.901s] -- Up-to-date: /home/yangy/SpiderBot/ros2_workspace/install/hardware_interface/share/hardware_interface/cmake/export_hardware_interface__rosidl_typesupport_fastrtps_cExport-noconfig.cmake
[11.904s] -- Up-to-date: /home/yangy/SpiderBot/ros2_workspace/install/hardware_interface/share/hardware_interface/cmake/export_hardware_interface__rosidl_generator_cppExport.cmake
[11.907s] -- Up-to-date: /home/yangy/SpiderBot/ros2_workspace/install/hardware_interface/share/hardware_interface/cmake/export_hardware_interface__rosidl_typesupport_fastrtps_cppExport.cmake
[11.907s] -- Up-to-date: /home/yangy/SpiderBot/ros2_workspace/install/hardware_interface/share/hardware_interface/cmake/export_hardware_interface__rosidl_typesupport_fastrtps_cppExport-noconfig.cmake
[11.908s] -- Up-to-date: /home/yangy/SpiderBot/ros2_workspace/install/hardware_interface/share/hardware_interface/cmake/hardware_interface__rosidl_typesupport_introspection_cExport.cmake
[11.910s] -- Up-to-date: /home/yangy/SpiderBot/ros2_workspace/install/hardware_interface/share/hardware_interface/cmake/hardware_interface__rosidl_typesupport_introspection_cExport-noconfig.cmake
[11.912s] -- Up-to-date: /home/yangy/SpiderBot/ros2_workspace/install/hardware_interface/share/hardware_interface/cmake/hardware_interface__rosidl_typesupport_cExport.cmake
[11.912s] -- Up-to-date: /home/yangy/SpiderBot/ros2_workspace/install/hardware_interface/share/hardware_interface/cmake/hardware_interface__rosidl_typesupport_cExport-noconfig.cmake
[11.914s] -- Up-to-date: /home/yangy/SpiderBot/ros2_workspace/install/hardware_interface/share/hardware_interface/cmake/hardware_interface__rosidl_typesupport_introspection_cppExport.cmake
[11.915s] -- Up-to-date: /home/yangy/SpiderBot/ros2_workspace/install/hardware_interface/share/hardware_interface/cmake/hardware_interface__rosidl_typesupport_introspection_cppExport-noconfig.cmake
[11.917s] -- Up-to-date: /home/yangy/SpiderBot/ros2_workspace/install/hardware_interface/share/hardware_interface/cmake/hardware_interface__rosidl_typesupport_cppExport.cmake
[11.917s] -- Up-to-date: /home/yangy/SpiderBot/ros2_workspace/install/hardware_interface/share/hardware_interface/cmake/hardware_interface__rosidl_typesupport_cppExport-noconfig.cmake
[11.920s] -- Up-to-date: /home/yangy/SpiderBot/ros2_workspace/install/hardware_interface/share/hardware_interface/cmake/export_hardware_interface__rosidl_generator_pyExport.cmake
[11.921s] -- Up-to-date: /home/yangy/SpiderBot/ros2_workspace/install/hardware_interface/share/hardware_interface/cmake/export_hardware_interface__rosidl_generator_pyExport-noconfig.cmake
[11.929s] Invoked command in '/home/yangy/SpiderBot/ros2_workspace/build/hardware_interface' returned '0': CMAKE_PREFIX_PATH=/opt/ros/humble /usr/bin/cmake --install /home/yangy/SpiderBot/ros2_workspace/build/hardware_interface
